Archive member included because of file (symbol)

/usr/lib/gcc/arm-none-eabi/4.8.2/armv7-m/libgcc.a(_arm_addsubdf3.o)
                              bin/obj/vexprintf.o (__aeabi_dsub)
/usr/lib/gcc/arm-none-eabi/4.8.2/armv7-m/libgcc.a(_arm_muldivdf3.o)
                              bin/obj/vexprintf.o (__aeabi_dmul)
/usr/lib/gcc/arm-none-eabi/4.8.2/armv7-m/libgcc.a(_arm_cmpdf2.o)
                              bin/obj/vexprintf.o (__aeabi_dcmplt)
/usr/lib/gcc/arm-none-eabi/4.8.2/armv7-m/libgcc.a(_arm_fixdfsi.o)
                              bin/obj/smartmotor.o (__aeabi_d2iz)
/usr/lib/gcc/arm-none-eabi/4.8.2/armv7-m/libgcc.a(_arm_fixunsdfsi.o)
                              bin/obj/vexprintf.o (__aeabi_d2uiz)
/usr/lib/gcc/arm-none-eabi/4.8.2/armv7-m/libgcc.a(_arm_truncdfsf2.o)
                              bin/obj/smartmotor.o (__aeabi_d2f)
/usr/lib/gcc/arm-none-eabi/4.8.2/armv7-m/libgcc.a(_arm_addsubsf3.o)
                              bin/obj/smartmotor.o (__aeabi_fsub)
/usr/lib/gcc/arm-none-eabi/4.8.2/armv7-m/libgcc.a(_arm_muldivsf3.o)
                              bin/obj/vexaudio.o (__aeabi_fmul)
/usr/lib/gcc/arm-none-eabi/4.8.2/armv7-m/libgcc.a(_arm_cmpsf2.o)
                              bin/obj/smartmotor.o (__aeabi_fcmpeq)
/usr/lib/gcc/arm-none-eabi/4.8.2/armv7-m/libgcc.a(_arm_fixsfsi.o)
                              bin/obj/smartmotor.o (__aeabi_f2iz)
/usr/lib/gcc/arm-none-eabi/4.8.2/armv7-m/libgcc.a(_arm_fixunssfsi.o)
                              bin/obj/vexaudio.o (__aeabi_f2uiz)
/usr/lib/gcc/arm-none-eabi/4.8.2/../../../arm-none-eabi/lib/armv7-m/libc.a(lib_a-atoi.o)
                              bin/obj/vexmotor.o (atoi)
/usr/lib/gcc/arm-none-eabi/4.8.2/../../../arm-none-eabi/lib/armv7-m/libc.a(lib_a-memset.o)
                              bin/obj/syscalls.o (memset)
/usr/lib/gcc/arm-none-eabi/4.8.2/../../../arm-none-eabi/lib/armv7-m/libc.a(lib_a-strcasecmp.o)
                              bin/obj/vexshell.o (strcasecmp)
/usr/lib/gcc/arm-none-eabi/4.8.2/../../../arm-none-eabi/lib/armv7-m/libc.a(lib_a-strchr.o)
                              bin/obj/vexshell.o (strchr)
/usr/lib/gcc/arm-none-eabi/4.8.2/../../../arm-none-eabi/lib/armv7-m/libc.a(lib_a-strncpy.o)
                              bin/obj/vexlcd.o (strncpy)
/usr/lib/gcc/arm-none-eabi/4.8.2/../../../arm-none-eabi/lib/armv7-m/libc.a(lib_a-strspn.o)
                              bin/obj/vexshell.o (strspn)
/usr/lib/gcc/arm-none-eabi/4.8.2/../../../arm-none-eabi/lib/armv7-m/libc.a(lib_a-strtol.o)
                              /usr/lib/gcc/arm-none-eabi/4.8.2/../../../arm-none-eabi/lib/armv7-m/libc.a(lib_a-atoi.o) (_strtol_r)
/usr/lib/gcc/arm-none-eabi/4.8.2/../../../arm-none-eabi/lib/armv7-m/libc.a(lib_a-ctype_.o)
                              /usr/lib/gcc/arm-none-eabi/4.8.2/../../../arm-none-eabi/lib/armv7-m/libc.a(lib_a-strcasecmp.o) (__ctype_ptr__)
/usr/lib/gcc/arm-none-eabi/4.8.2/../../../arm-none-eabi/lib/armv7-m/libc.a(lib_a-impure.o)
                              /usr/lib/gcc/arm-none-eabi/4.8.2/../../../arm-none-eabi/lib/armv7-m/libc.a(lib_a-strtol.o) (_impure_ptr)

Discarded input sections

 .text          0x0000000000000000        0x0 bin/obj/crt0.o
 .data          0x0000000000000000        0x0 bin/obj/crt0.o
 .bss           0x0000000000000000        0x0 bin/obj/crt0.o
 .text.__early_init
                0x0000000000000000       0x10 bin/obj/crt0.o
 .text          0x0000000000000000        0x0 bin/obj/vectors.o
 .data          0x0000000000000000        0x0 bin/obj/vectors.o
 .bss           0x0000000000000000        0x0 bin/obj/vectors.o
 .text          0x0000000000000000        0x0 bin/obj/chcore.o
 .data          0x0000000000000000        0x0 bin/obj/chcore.o
 .bss           0x0000000000000000        0x0 bin/obj/chcore.o
 .text          0x0000000000000000        0x0 bin/obj/chcore_v7m.o
 .data          0x0000000000000000        0x0 bin/obj/chcore_v7m.o
 .bss           0x0000000000000000        0x0 bin/obj/chcore_v7m.o
 .text          0x0000000000000000        0x0 bin/obj/nvic.o
 .data          0x0000000000000000        0x0 bin/obj/nvic.o
 .bss           0x0000000000000000        0x0 bin/obj/nvic.o
 .text          0x0000000000000000        0x0 bin/obj/chsys.o
 .data          0x0000000000000000        0x0 bin/obj/chsys.o
 .bss           0x0000000000000000        0x0 bin/obj/chsys.o
 .text          0x0000000000000000        0x0 bin/obj/chdebug.o
 .data          0x0000000000000000        0x0 bin/obj/chdebug.o
 .bss           0x0000000000000000        0x0 bin/obj/chdebug.o
 .debug_info    0x0000000000000000       0x79 bin/obj/chdebug.o
 .debug_abbrev  0x0000000000000000       0x26 bin/obj/chdebug.o
 .debug_aranges
                0x0000000000000000       0x18 bin/obj/chdebug.o
 .debug_line    0x0000000000000000       0x1d bin/obj/chdebug.o
 .debug_str     0x0000000000000000      0x1bc bin/obj/chdebug.o
 .comment       0x0000000000000000       0x20 bin/obj/chdebug.o
 .ARM.attributes
[...]
Memory Configuration

Name             Origin             Length             Attributes
flash            0x0000000008000000 0x0000000000060000
ram              0x0000000020000000 0x0000000000010000
*default*        0x0000000000000000 0xffffffffffffffff

Linker script and memory map

LOAD bin/obj/crt0.o
LOAD bin/obj/vectors.o
LOAD bin/obj/chcore.o
LOAD bin/obj/chcore_v7m.o
LOAD bin/obj/nvic.o
LOAD bin/obj/chsys.o
LOAD bin/obj/chdebug.o
LOAD bin/obj/chlists.o
LOAD bin/obj/chvt.o
LOAD bin/obj/chschd.o
LOAD bin/obj/chthreads.o
LOAD bin/obj/chdynamic.o
LOAD bin/obj/chregistry.o
LOAD bin/obj/chsem.o
LOAD bin/obj/chmtx.o
LOAD bin/obj/chcond.o
LOAD bin/obj/chevents.o
LOAD bin/obj/chmsg.o
LOAD bin/obj/chmboxes.o
LOAD bin/obj/chqueues.o
LOAD bin/obj/chmemcore.o
LOAD bin/obj/chheap.o
LOAD bin/obj/chmempools.o
LOAD bin/obj/hal.o
LOAD bin/obj/adc.o
LOAD bin/obj/can.o
LOAD bin/obj/ext.o
LOAD bin/obj/gpt.o
LOAD bin/obj/i2c.o
LOAD bin/obj/icu.o
LOAD bin/obj/mac.o
LOAD bin/obj/mmc_spi.o
LOAD bin/obj/mmcsd.o
LOAD bin/obj/pal.o
LOAD bin/obj/pwm.o
LOAD bin/obj/rtc.o
LOAD bin/obj/sdc.o
LOAD bin/obj/serial.o
LOAD bin/obj/serial_usb.o
LOAD bin/obj/spi.o
LOAD bin/obj/tm.o
LOAD bin/obj/uart.o
LOAD bin/obj/usb.o
LOAD bin/obj/stm32_dma.o
LOAD bin/obj/hal_lld.o
LOAD bin/obj/adc_lld.o
LOAD bin/obj/ext_lld_isr.o
LOAD bin/obj/can_lld.o
LOAD bin/obj/ext_lld.o
LOAD bin/obj/mac_lld.o
LOAD bin/obj/sdc_lld.o
LOAD bin/obj/pal_lld.o
LOAD bin/obj/i2c_lld.o
LOAD bin/obj/rtc_lld.o
LOAD bin/obj/spi_lld.o
LOAD bin/obj/gpt_lld.o
LOAD bin/obj/icu_lld.o
LOAD bin/obj/pwm_lld.o
LOAD bin/obj/serial_lld.o
LOAD bin/obj/uart_lld.o
LOAD bin/obj/usb_lld.o
LOAD bin/obj/board.o
LOAD bin/obj/evtimer.o
LOAD bin/obj/syscalls.o
LOAD bin/obj/chprintf.o
LOAD bin/obj/vexshell.o
LOAD bin/obj/vexcortex.o
LOAD bin/obj/vexdigital.o
LOAD bin/obj/vexconfig.o
LOAD bin/obj/vexext.o
LOAD bin/obj/vexencoder.o
LOAD bin/obj/vexsonar.o
LOAD bin/obj/vexmotor.o
LOAD bin/obj/vexspi.o
LOAD bin/obj/vexlcd.o
LOAD bin/obj/vexanalog.o
LOAD bin/obj/vexctl.o
LOAD bin/obj/vexime.o
LOAD bin/obj/vexprintf.o
LOAD bin/obj/vexaudio.o
LOAD bin/obj/vexrttl.o
LOAD bin/obj/vexsensor.o
LOAD bin/obj/vexbkup.o
LOAD bin/obj/vextest.o
LOAD bin/obj/robotc_glue.o
LOAD bin/obj/smartmotor.o
LOAD bin/obj/apollo.o
LOAD bin/obj/pidlib.o
LOAD bin/obj/vexgyro.o
LOAD bin/obj/vexflash.o
LOAD bin/obj/stm32_flash.o
LOAD bin/obj/vexuser.o
LOAD bin/obj/main.o
LOAD /usr/lib/gcc/arm-none-eabi/4.8.2/../../../arm-none-eabi/lib/armv7-m/libm.a
START GROUP
LOAD /usr/lib/gcc/arm-none-eabi/4.8.2/armv7-m/libgcc.a
LOAD /usr/lib/gcc/arm-none-eabi/4.8.2/../../../arm-none-eabi/lib/armv7-m/libc.a
END GROUP
                0x0000000000000400                __main_stack_size__ = 0x400
                0x0000000000000400                __process_stack_size__ = 0x400
                0x0000000020000000                __ram_start__ = ORIGIN (ram)
                0x0000000000010000                __ram_size__ = 0x10000
                0x0000000020010000                __ram_end__ = (__ram_start__ + __ram_size__)
                0x0000000000000000                . = 0x0
                0x0000000000000000                _text = .

startup         0x0000000008000000      0x130
 *(vectors)
 vectors        0x0000000008000000      0x130 bin/obj/vectors.o
                0x0000000008000000                _vectors

constructors    0x0000000008000130        0x0
                0x0000000008000130                PROVIDE (__init_array_start, .)
 *(SORT(.init_array.*))
 *(.init_array)
                0x0000000008000130                PROVIDE (__init_array_end, .)

destructors     0x0000000008000130        0x0
                0x0000000008000130                PROVIDE (__fini_array_start, .)
 *(.fini_array)
 *(SORT(.fini_array.*))
                0x0000000008000130                PROVIDE (__fini_array_end, .)

.text           0x0000000008000130     0x96c4
 *(.text.startup.*)
 .text.startup.main
                0x0000000008000130       0x70 bin/obj/main.o
                0x0000000008000130                main
 *(.text)
 .text          0x00000000080001a0      0x370 /usr/lib/gcc/arm-none-eabi/4.8.2/armv7-m/libgcc.a(_arm_addsubdf3.o)
                0x00000000080001a0                __aeabi_drsub
                0x00000000080001a8                __aeabi_dsub
                0x00000000080001a8                __subdf3
                0x00000000080001ac                __adddf3
                0x00000000080001ac                __aeabi_dadd
                0x0000000008000424                __aeabi_ui2d
                0x0000000008000424                __floatunsidf
                0x0000000008000444                __floatsidf
                0x0000000008000444                __aeabi_i2d
                0x0000000008000468                __extendsfdf2
                0x0000000008000468                __aeabi_f2d
                0x00000000080004a4                __aeabi_ul2d
                0x00000000080004a4                __floatundidf
                0x00000000080004b4                __floatdidf
                0x00000000080004b4                __aeabi_l2d
 .text          0x0000000008000510      0x424 /usr/lib/gcc/arm-none-eabi/4.8.2/armv7-m/libgcc.a(_arm_muldivdf3.o)
                0x0000000008000510                __aeabi_dmul
                0x0000000008000510                __muldf3
                0x0000000008000764                __aeabi_ddiv
                0x0000000008000764                __divdf3
 *fill*         0x0000000008000934        0xc 
 .text          0x0000000008000940      0x110 /usr/lib/gcc/arm-none-eabi/4.8.2/armv7-m/libgcc.a(_arm_cmpdf2.o)
                0x0000000008000940                __gtdf2
                0x0000000008000940                __gedf2
                0x0000000008000948                __ltdf2
                0x0000000008000948                __ledf2
                0x0000000008000950                __cmpdf2
                0x0000000008000950                __eqdf2
                0x0000000008000950                __nedf2
                0x00000000080009cc                __aeabi_cdrcmple
                0x00000000080009dc                __aeabi_cdcmple
                0x00000000080009dc                __aeabi_cdcmpeq
                0x00000000080009ec                __aeabi_dcmpeq
                0x0000000008000a00                __aeabi_dcmplt
                0x0000000008000a14                __aeabi_dcmple
                0x0000000008000a28                __aeabi_dcmpge
                0x0000000008000a3c                __aeabi_dcmpgt
 .text          0x0000000008000a50       0x50 /usr/lib/gcc/arm-none-eabi/4.8.2/armv7-m/libgcc.a(_arm_fixdfsi.o)
                0x0000000008000a50                __fixdfsi
                0x0000000008000a50                __aeabi_d2iz
 .text          0x0000000008000aa0       0x40 /usr/lib/gcc/arm-none-eabi/4.8.2/armv7-m/libgcc.a(_arm_fixunsdfsi.o)
                0x0000000008000aa0                __fixunsdfsi
                0x0000000008000aa0                __aeabi_d2uiz
 .text          0x0000000008000ae0      0x21c /usr/lib/gcc/arm-none-eabi/4.8.2/armv7-m/libgcc.a(_arm_addsubsf3.o)
                0x0000000008000ae0                __aeabi_frsub
                0x0000000008000ae8                __subsf3
                0x0000000008000ae8                __aeabi_fsub
                0x0000000008000aec                __aeabi_fadd
                0x0000000008000aec                __addsf3
                0x0000000008000c4c                __aeabi_ui2f
                0x0000000008000c4c                __floatunsisf
                0x0000000008000c54                __aeabi_i2f
                0x0000000008000c54                __floatsisf
                0x0000000008000c70                __floatundisf
                0x0000000008000c70                __aeabi_ul2f
                0x0000000008000c80                __floatdisf
                0x0000000008000c80                __aeabi_l2f
 *fill*         0x0000000008000cfc        0x4 
 .text          0x0000000008000d00      0x2a0 /usr/lib/gcc/arm-none-eabi/4.8.2/armv7-m/libgcc.a(_arm_muldivsf3.o)
                0x0000000008000d00                __mulsf3
                0x0000000008000d00                __aeabi_fmul
                0x0000000008000e68                __divsf3
                0x0000000008000e68                __aeabi_fdiv
 .text          0x0000000008000fa0       0xec /usr/lib/gcc/arm-none-eabi/4.8.2/armv7-m/libgcc.a(_arm_cmpsf2.o)
                0x0000000008000fa0                __gtsf2
                0x0000000008000fa0                __gesf2
                0x0000000008000fa8                __lesf2
                0x0000000008000fa8                __ltsf2
                0x0000000008000fb0                __nesf2
                0x0000000008000fb0                __eqsf2
                0x0000000008000fb0                __cmpsf2
                0x0000000008001010                __aeabi_cfrcmple
                0x0000000008001018                __aeabi_cfcmple
                0x0000000008001018                __aeabi_cfcmpeq
                0x0000000008001028                __aeabi_fcmpeq
                0x000000000800103c                __aeabi_fcmplt
                0x0000000008001050                __aeabi_fcmple
                0x0000000008001064                __aeabi_fcmpge
                0x0000000008001078                __aeabi_fcmpgt
 *fill*         0x000000000800108c        0x4 
 .text          0x0000000008001090       0x4c /usr/lib/gcc/arm-none-eabi/4.8.2/armv7-m/libgcc.a(_arm_fixsfsi.o)
                0x0000000008001090                __fixsfsi
                0x0000000008001090                __aeabi_f2iz
 *fill*         0x00000000080010dc        0x4 
 .text          0x00000000080010e0       0x40 /usr/lib/gcc/arm-none-eabi/4.8.2/armv7-m/libgcc.a(_arm_fixunssfsi.o)
                0x00000000080010e0                __aeabi_f2uiz
                0x00000000080010e0                __fixunssfsi
 *(.text.*)
 .text.__late_init
                0x0000000008001120       0x10 bin/obj/crt0.o
                0x0000000008001120                __late_init
 .text._default_exit
                0x0000000008001130       0x10 bin/obj/crt0.o
                0x0000000008001130                _default_exit
 .text.ResetHandler
                0x0000000008001140      0x140 bin/obj/crt0.o
                0x0000000008001140                ResetHandler
 .text._unhandled_exception
                0x0000000008001280       0x10 bin/obj/vectors.o
                0x0000000008001280                VectorAC
                0x0000000008001280                NMIVector
                0x0000000008001280                Vector11C
                0x0000000008001280                Vector8C
                0x0000000008001280                Vector110
                0x0000000008001280                VectorC8
                0x0000000008001280                Vector94
                0x0000000008001280                VectorA8
                0x0000000008001280                VectorB4
                0x0000000008001280                VectorEC
                0x0000000008001280                UsageFaultVector
                0x0000000008001280                DebugMonitorVector
                0x0000000008001280                Vector40
                0x0000000008001280                VectorF8
                0x0000000008001280                PendSVVector
                0x0000000008001280                Vector118
                0x0000000008001280                VectorCC
                0x0000000008001280                Vector54
                0x0000000008001280                Vector98
                0x0000000008001280                Vector24
                0x0000000008001280                BusFaultVector
                0x0000000008001280                VectorD0
                0x0000000008001280                HardFaultVector
                0x0000000008001280                VectorF0
                0x0000000008001280                Vector100
                0x0000000008001280                VectorF4
                0x0000000008001280                MemManageVector
                0x0000000008001280                VectorA0
                0x0000000008001280                VectorC4
                0x0000000008001280                Vector90
                0x0000000008001280                Vector114
                0x0000000008001280                Vector1C
                0x0000000008001280                Vector48
                0x0000000008001280                Vector4C
                0x0000000008001280                _unhandled_exception
                0x0000000008001280                Vector88
                0x0000000008001280                Vector104
                0x0000000008001280                Vector10C
                0x0000000008001280                Vector50
                0x0000000008001280                Vector28
                0x0000000008001280                VectorFC
                0x0000000008001280                Vector34
                0x0000000008001280                Vector20
 .text.port_halt
                0x0000000008001290       0x10 bin/obj/chcore.o
                0x0000000008001290                port_halt
 .text._port_switch_from_isr
                0x00000000080012a0       0x10 bin/obj/chcore_v7m.o
                0x00000000080012a0                _port_switch_from_isr
 .text.SVCallVector
                0x00000000080012b0       0x20 bin/obj/chcore_v7m.o
                0x00000000080012b0                SVCallVector
 .text._port_init
                0x00000000080012d0       0x40 bin/obj/chcore_v7m.o
                0x00000000080012d0                _port_init
 .text._port_irq_epilogue
                0x0000000008001310       0x80 bin/obj/chcore_v7m.o
                0x0000000008001310                _port_irq_epilogue
 .text.SysTickVector
                0x0000000008001390       0x20 bin/obj/chcore_v7m.o
                0x0000000008001390                SysTickVector
 .text._port_switch
                0x00000000080013b0       0x10 bin/obj/chcore_v7m.o
                0x00000000080013b0                _port_switch
 .text._port_thread_start
                0x00000000080013c0       0x10 bin/obj/chcore_v7m.o
                0x00000000080013c0                _port_thread_start
 .text.nvicEnableVector
                0x00000000080013d0       0x50 bin/obj/nvic.o
                0x00000000080013d0                nvicEnableVector
 .text.nvicDisableVector
                0x0000000008001420       0x50 bin/obj/nvic.o
                0x0000000008001420                nvicDisableVector
 .text.nvicSetSystemHandlerPriority
                0x0000000008001470       0x30 bin/obj/nvic.o
                0x0000000008001470                nvicSetSystemHandlerPriority
 .text._idle_thread
                0x00000000080014a0       0x20 bin/obj/chsys.o
                0x00000000080014a0                _idle_thread
 .text.chSysInit
                0x00000000080014c0       0x70 bin/obj/chsys.o
                0x00000000080014c0                chSysInit
 .text.chSysTimerHandlerI
                0x0000000008001530       0x70 bin/obj/chsys.o
                0x0000000008001530                chSysTimerHandlerI
 .text._vt_init
                0x00000000080015a0       0x20 bin/obj/chvt.o
                0x00000000080015a0                _vt_init
 .text.chVTSetI
                0x00000000080015c0       0x40 bin/obj/chvt.o
                0x00000000080015c0                chVTSetI
 .text.chVTResetI
                0x0000000008001600       0x30 bin/obj/chvt.o
                0x0000000008001600                chVTResetI
 .text.wakeup   0x0000000008001630       0x70 bin/obj/chschd.o
 .text._scheduler_init
                0x00000000080016a0       0x20 bin/obj/chschd.o
                0x00000000080016a0                _scheduler_init
 .text.chSchReadyI
                0x00000000080016c0       0x30 bin/obj/chschd.o
                0x00000000080016c0                chSchReadyI
 .text.chSchGoSleepS
                0x00000000080016f0       0x30 bin/obj/chschd.o
                0x00000000080016f0                chSchGoSleepS
 .text.chSchGoSleepTimeoutS
                0x0000000008001720       0x50 bin/obj/chschd.o
                0x0000000008001720                chSchGoSleepTimeoutS
 .text.chSchWakeupS
                0x0000000008001770       0x70 bin/obj/chschd.o
                0x0000000008001770                chSchWakeupS
 .text.chSchDoRescheduleBehind
                0x00000000080017e0       0x50 bin/obj/chschd.o
                0x00000000080017e0                chSchDoRescheduleBehind
 .text.chSchDoRescheduleAhead
                0x0000000008001830       0x40 bin/obj/chschd.o
                0x0000000008001830                chSchDoRescheduleAhead
 .text.chSchDoReschedule
                0x0000000008001870       0x20 bin/obj/chschd.o
                0x0000000008001870                chSchDoReschedule
 .text._thread_init
                0x0000000008001890       0x60 bin/obj/chthreads.o
                0x0000000008001890                _thread_init
 .text.chThdCreateI
                0x00000000080018f0       0x80 bin/obj/chthreads.o
                0x00000000080018f0                chThdCreateI
 .text.chThdCreateStatic
                0x0000000008001970       0x90 bin/obj/chthreads.o
                0x0000000008001970                chThdCreateStatic
 .text.chThdSleep
                0x0000000008001a00       0x20 bin/obj/chthreads.o
                0x0000000008001a00                chThdSleep
 .text.chThdSleepUntil
                0x0000000008001a20       0x30 bin/obj/chthreads.o
                0x0000000008001a20                chThdSleepUntil
 .text.chThdExitS
                0x0000000008001a50       0x50 bin/obj/chthreads.o
                0x0000000008001a50                chThdExitS
 .text.chThdExit
                0x0000000008001aa0       0x10 bin/obj/chthreads.o
                0x0000000008001aa0                chThdExit
 .text.chThdWait
                0x0000000008001ab0       0x40 bin/obj/chthreads.o
                0x0000000008001ab0                chThdWait
 .text.chThdRelease
                0x0000000008001af0       0x50 bin/obj/chdynamic.o
                0x0000000008001af0                chThdRelease
 .text.chThdCreateFromHeap
                0x0000000008001b40       0x40 bin/obj/chdynamic.o
                0x0000000008001b40                chThdCreateFromHeap
 .text.chRegFirstThread
                0x0000000008001b80       0x20 bin/obj/chregistry.o
                0x0000000008001b80                chRegFirstThread
 .text.chRegNextThread
                0x0000000008001ba0       0x30 bin/obj/chregistry.o
                0x0000000008001ba0                chRegNextThread
 .text.chMtxInit
                0x0000000008001bd0       0x10 bin/obj/chmtx.o
                0x0000000008001bd0                chMtxInit
 .text.chMtxLockS
                0x0000000008001be0       0xd0 bin/obj/chmtx.o
                0x0000000008001be0                chMtxLockS
 .text.chMtxLock
                0x0000000008001cb0       0x20 bin/obj/chmtx.o
                0x0000000008001cb0                chMtxLock
 .text.chMtxUnlock
                0x0000000008001cd0       0x70 bin/obj/chmtx.o
                0x0000000008001cd0                chMtxUnlock
 .text.chEvtRegisterMask
                0x0000000008001d40       0x30 bin/obj/chevents.o
                0x0000000008001d40                chEvtRegisterMask
 .text.chEvtUnregister
                0x0000000008001d70       0x30 bin/obj/chevents.o
                0x0000000008001d70                chEvtUnregister
 .text.chEvtSignalI
                0x0000000008001da0       0x30 bin/obj/chevents.o
                0x0000000008001da0                chEvtSignalI
 .text.chEvtBroadcastFlagsI
                0x0000000008001dd0       0x30 bin/obj/chevents.o
                0x0000000008001dd0                chEvtBroadcastFlagsI
 .text.chEvtWaitAnyTimeout
                0x0000000008001e00       0x60 bin/obj/chevents.o
                0x0000000008001e00                chEvtWaitAnyTimeout
 .text.qwait    0x0000000008001e60       0x30 bin/obj/chqueues.o
 .text.chIQInit
                0x0000000008001e90       0x20 bin/obj/chqueues.o
                0x0000000008001e90                chIQInit
 .text.chIQResetI
                0x0000000008001eb0       0x30 bin/obj/chqueues.o
                0x0000000008001eb0                chIQResetI
 .text.chIQPutI
                0x0000000008001ee0       0x50 bin/obj/chqueues.o
                0x0000000008001ee0                chIQPutI
 .text.chIQGetTimeout
                0x0000000008001f30       0x50 bin/obj/chqueues.o
                0x0000000008001f30                chIQGetTimeout
 .text.chIQReadTimeout
                0x0000000008001f80       0x80 bin/obj/chqueues.o
                0x0000000008001f80                chIQReadTimeout
 .text.chOQInit
                0x0000000008002000       0x20 bin/obj/chqueues.o
                0x0000000008002000                chOQInit
 .text.chOQPutTimeout
                0x0000000008002020       0x60 bin/obj/chqueues.o
                0x0000000008002020                chOQPutTimeout
 .text.chOQGetI
                0x0000000008002080       0x50 bin/obj/chqueues.o
                0x0000000008002080                chOQGetI
 .text.chOQWriteTimeout
                0x00000000080020d0       0x80 bin/obj/chqueues.o
                0x00000000080020d0                chOQWriteTimeout
 .text._core_init
                0x0000000008002150       0x30 bin/obj/chmemcore.o
                0x0000000008002150                _core_init
 .text.chCoreAlloc
                0x0000000008002180       0x40 bin/obj/chmemcore.o
                0x0000000008002180                chCoreAlloc
 .text.chCoreStatus
                0x00000000080021c0       0x20 bin/obj/chmemcore.o
                0x00000000080021c0                chCoreStatus
 .text._heap_init
                0x00000000080021e0       0x20 bin/obj/chheap.o
                0x00000000080021e0                _heap_init
 .text.chHeapAlloc
                0x0000000008002200       0x90 bin/obj/chheap.o
                0x0000000008002200                chHeapAlloc
 .text.chHeapFree
                0x0000000008002290       0xa0 bin/obj/chheap.o
                0x0000000008002290                chHeapFree
 .text.chHeapStatus
                0x0000000008002330       0x50 bin/obj/chheap.o
                0x0000000008002330                chHeapStatus
 .text.chPoolFree
                0x0000000008002380       0x20 bin/obj/chmempools.o
                0x0000000008002380                chPoolFree
 .text.halInit  0x00000000080023a0       0x40 bin/obj/hal.o
                0x00000000080023a0                halInit
 .text.adcInit  0x00000000080023e0       0x10 bin/obj/adc.o
                0x00000000080023e0                adcInit
 .text.adcObjectInit
                0x00000000080023f0       0x20 bin/obj/adc.o
                0x00000000080023f0                adcObjectInit
 .text.adcStart
                0x0000000008002410       0x20 bin/obj/adc.o
                0x0000000008002410                adcStart
 .text.adcStartConversion
                0x0000000008002430       0x20 bin/obj/adc.o
                0x0000000008002430                adcStartConversion
 .text.extInit  0x0000000008002450       0x10 bin/obj/ext.o
                0x0000000008002450                extInit
 .text.extObjectInit
                0x0000000008002460       0x10 bin/obj/ext.o
                0x0000000008002460                extObjectInit
 .text.extStart
                0x0000000008002470       0x20 bin/obj/ext.o
                0x0000000008002470                extStart
 .text.extChannelEnable
                0x0000000008002490       0x20 bin/obj/ext.o
                0x0000000008002490                extChannelEnable
 .text.gptInit  0x00000000080024b0       0x10 bin/obj/gpt.o
                0x00000000080024b0                gptInit
 .text.gptObjectInit
                0x00000000080024c0       0x10 bin/obj/gpt.o
                0x00000000080024c0                gptObjectInit
 .text.gptStart
                0x00000000080024d0       0x20 bin/obj/gpt.o
                0x00000000080024d0                gptStart
 .text.gptStartOneShot
                0x00000000080024f0       0x20 bin/obj/gpt.o
                0x00000000080024f0                gptStartOneShot
 .text.gptStartOneShotI
                0x0000000008002510       0x10 bin/obj/gpt.o
                0x0000000008002510                gptStartOneShotI
 .text.i2cInit  0x0000000008002520       0x10 bin/obj/i2c.o
                0x0000000008002520                i2cInit
 .text.i2cObjectInit
                0x0000000008002530       0x10 bin/obj/i2c.o
                0x0000000008002530                i2cObjectInit
 .text.i2cStart
                0x0000000008002540       0x20 bin/obj/i2c.o
                0x0000000008002540                i2cStart
 .text.i2cStop  0x0000000008002560       0x20 bin/obj/i2c.o
                0x0000000008002560                i2cStop
 .text.i2cGetErrors
                0x0000000008002580       0x10 bin/obj/i2c.o
                0x0000000008002580                i2cGetErrors
 .text.i2cMasterTransmitTimeout
                0x0000000008002590       0x50 bin/obj/i2c.o
                0x0000000008002590                i2cMasterTransmitTimeout
 .text.i2cAcquireBus
                0x00000000080025e0       0x10 bin/obj/i2c.o
                0x00000000080025e0                i2cAcquireBus
 .text.i2cReleaseBus
                0x00000000080025f0       0x10 bin/obj/i2c.o
                0x00000000080025f0                i2cReleaseBus
 .text.readt    0x0000000008002600       0x10 bin/obj/serial.o
 .text.read     0x0000000008002610       0x10 bin/obj/serial.o
 .text.writet   0x0000000008002620       0x10 bin/obj/serial.o
 .text.write    0x0000000008002630       0x10 bin/obj/serial.o
 .text.gett     0x0000000008002640       0x10 bin/obj/serial.o
 .text.get      0x0000000008002650       0x10 bin/obj/serial.o
 .text.putt     0x0000000008002660       0x10 bin/obj/serial.o
 .text.put      0x0000000008002670       0x10 bin/obj/serial.o
 .text.sdInit   0x0000000008002680       0x10 bin/obj/serial.o
                0x0000000008002680                sdInit
 .text.sdObjectInit
                0x0000000008002690       0x50 bin/obj/serial.o
                0x0000000008002690                sdObjectInit
 .text.sdStart  0x00000000080026e0       0x20 bin/obj/serial.o
                0x00000000080026e0                sdStart
 .text.sdIncomingDataI
                0x0000000008002700       0x40 bin/obj/serial.o
                0x0000000008002700                sdIncomingDataI
 .text.spiInit  0x0000000008002740       0x10 bin/obj/spi.o
                0x0000000008002740                spiInit
 .text.spiObjectInit
                0x0000000008002750       0x10 bin/obj/spi.o
                0x0000000008002750                spiObjectInit
 .text.spiStart
                0x0000000008002760       0x20 bin/obj/spi.o
                0x0000000008002760                spiStart
 .text.tm_start
                0x0000000008002780       0x10 bin/obj/tm.o
 .text.tm_stop  0x0000000008002790       0x40 bin/obj/tm.o
 .text.tmInit   0x00000000080027d0       0x50 bin/obj/tm.o
                0x00000000080027d0                tmInit
 .text.Vector6C
                0x0000000008002820       0x30 bin/obj/stm32_dma.o
                0x0000000008002820                Vector6C
 .text.Vector70
                0x0000000008002850       0x30 bin/obj/stm32_dma.o
                0x0000000008002850                Vector70
 .text.Vector74
                0x0000000008002880       0x30 bin/obj/stm32_dma.o
                0x0000000008002880                Vector74
 .text.Vector78
                0x00000000080028b0       0x30 bin/obj/stm32_dma.o
                0x00000000080028b0                Vector78
 .text.Vector7C
                0x00000000080028e0       0x30 bin/obj/stm32_dma.o
                0x00000000080028e0                Vector7C
 .text.Vector80
                0x0000000008002910       0x30 bin/obj/stm32_dma.o
                0x0000000008002910                Vector80
 .text.Vector84
                0x0000000008002940       0x30 bin/obj/stm32_dma.o
                0x0000000008002940                Vector84
 .text.Vector120
                0x0000000008002970       0x30 bin/obj/stm32_dma.o
                0x0000000008002970                Vector120
 .text.Vector124
                0x00000000080029a0       0x30 bin/obj/stm32_dma.o
                0x00000000080029a0                Vector124
 .text.Vector128
                0x00000000080029d0       0x30 bin/obj/stm32_dma.o
                0x00000000080029d0                Vector128
 .text.Vector12C
                0x0000000008002a00       0x60 bin/obj/stm32_dma.o
                0x0000000008002a00                Vector12C
 .text.dmaInit  0x0000000008002a60       0x50 bin/obj/stm32_dma.o
                0x0000000008002a60                dmaInit
 .text.dmaStreamAllocate
                0x0000000008002ab0       0xa0 bin/obj/stm32_dma.o
                0x0000000008002ab0                dmaStreamAllocate
 .text.dmaStreamRelease
                0x0000000008002b50       0x50 bin/obj/stm32_dma.o
                0x0000000008002b50                dmaStreamRelease
 .text.hal_lld_init
                0x0000000008002ba0       0x80 bin/obj/hal_lld.o
                0x0000000008002ba0                hal_lld_init
 .text.stm32_clock_init
                0x0000000008002c20       0xb0 bin/obj/hal_lld.o
                0x0000000008002c20                stm32_clock_init
 .text.adc_lld_serve_rx_interrupt
                0x0000000008002cd0      0x100 bin/obj/adc_lld.o
 .text.adc_lld_init
                0x0000000008002dd0       0x80 bin/obj/adc_lld.o
                0x0000000008002dd0                adc_lld_init
 .text.adc_lld_start
                0x0000000008002e50       0x60 bin/obj/adc_lld.o
                0x0000000008002e50                adc_lld_start
 .text.adc_lld_start_conversion
                0x0000000008002eb0       0x70 bin/obj/adc_lld.o
                0x0000000008002eb0                adc_lld_start_conversion
 .text.Vector58
                0x0000000008002f20       0x30 bin/obj/ext_lld_isr.o
                0x0000000008002f20                Vector58
 .text.Vector5C
                0x0000000008002f50       0x30 bin/obj/ext_lld_isr.o
                0x0000000008002f50                Vector5C
 .text.Vector60
                0x0000000008002f80       0x30 bin/obj/ext_lld_isr.o
                0x0000000008002f80                Vector60
 .text.Vector64
                0x0000000008002fb0       0x30 bin/obj/ext_lld_isr.o
                0x0000000008002fb0                Vector64
 .text.Vector68
                0x0000000008002fe0       0x30 bin/obj/ext_lld_isr.o
                0x0000000008002fe0                Vector68
 .text.Vector9C
                0x0000000008003010       0x90 bin/obj/ext_lld_isr.o
                0x0000000008003010                Vector9C
 .text.VectorE0
                0x00000000080030a0       0xa0 bin/obj/ext_lld_isr.o
                0x00000000080030a0                VectorE0
 .text.Vector44
                0x0000000008003140       0x30 bin/obj/ext_lld_isr.o
                0x0000000008003140                Vector44
 .text.VectorE4
                0x0000000008003170       0x30 bin/obj/ext_lld_isr.o
                0x0000000008003170                VectorE4
 .text.VectorE8
                0x00000000080031a0       0x30 bin/obj/ext_lld_isr.o
                0x00000000080031a0                VectorE8
 .text.ext_lld_exti_irq_enable
                0x00000000080031d0       0x60 bin/obj/ext_lld_isr.o
                0x00000000080031d0                ext_lld_exti_irq_enable
 .text.ext_lld_init
                0x0000000008003230       0x10 bin/obj/ext_lld.o
                0x0000000008003230                ext_lld_init
 .text.ext_lld_channel_enable
                0x0000000008003240       0xb0 bin/obj/ext_lld.o
                0x0000000008003240                ext_lld_channel_enable
 .text.ext_lld_channel_disable
                0x00000000080032f0       0x30 bin/obj/ext_lld.o
                0x00000000080032f0                ext_lld_channel_disable
 .text.ext_lld_start
                0x0000000008003320       0x40 bin/obj/ext_lld.o
                0x0000000008003320                ext_lld_start
 .text._pal_lld_init
                0x0000000008003360       0xb0 bin/obj/pal_lld.o
                0x0000000008003360                _pal_lld_init
 .text._pal_lld_setgroupmode
                0x0000000008003410       0x70 bin/obj/pal_lld.o
                0x0000000008003410                _pal_lld_setgroupmode
 .text.i2c_lld_abort_operation
                0x0000000008003480       0x50 bin/obj/i2c_lld.o
 .text.i2c_lld_safety_timeout
                0x00000000080034d0       0x30 bin/obj/i2c_lld.o
 .text.i2c_lld_serve_tx_end_irq
                0x0000000008003500       0x40 bin/obj/i2c_lld.o
 .text.i2c_lld_serve_rx_end_irq
                0x0000000008003540       0x70 bin/obj/i2c_lld.o
 .text.VectorBC
                0x00000000080035b0      0x130 bin/obj/i2c_lld.o
                0x00000000080035b0                VectorBC
 .text.VectorC0
                0x00000000080036e0       0xf0 bin/obj/i2c_lld.o
                0x00000000080036e0                VectorC0
 .text.i2c_lld_init
                0x00000000080037d0       0x30 bin/obj/i2c_lld.o
                0x00000000080037d0                i2c_lld_init
 .text.i2c_lld_start
                0x0000000008003800      0x180 bin/obj/i2c_lld.o
                0x0000000008003800                i2c_lld_start
 .text.i2c_lld_stop
                0x0000000008003980       0x50 bin/obj/i2c_lld.o
                0x0000000008003980                i2c_lld_stop
 .text.i2c_lld_master_transmit_timeout
                0x00000000080039d0      0x110 bin/obj/i2c_lld.o
                0x00000000080039d0                i2c_lld_master_transmit_timeout
 .text.spi_lld_serve_tx_interrupt
                0x0000000008003ae0       0x10 bin/obj/spi_lld.o
 .text.spi_lld_serve_rx_interrupt
                0x0000000008003af0       0x80 bin/obj/spi_lld.o
 .text.spi_lld_init
                0x0000000008003b70       0x50 bin/obj/spi_lld.o
                0x0000000008003b70                spi_lld_init
 .text.spi_lld_start
                0x0000000008003bc0       0xa0 bin/obj/spi_lld.o
                0x0000000008003bc0                spi_lld_start
 .text.spi_lld_select
                0x0000000008003c60       0x10 bin/obj/spi_lld.o
                0x0000000008003c60                spi_lld_select
 .text.spi_lld_unselect
                0x0000000008003c70       0x10 bin/obj/spi_lld.o
                0x0000000008003c70                spi_lld_unselect
 .text.spi_lld_polled_exchange
                0x0000000008003c80       0x10 bin/obj/spi_lld.o
                0x0000000008003c80                spi_lld_polled_exchange
 .text.gpt_lld_serve_interrupt
                0x0000000008003c90       0x30 bin/obj/gpt_lld.o
 .text.VectorA4
                0x0000000008003cc0       0x20 bin/obj/gpt_lld.o
                0x0000000008003cc0                VectorA4
 .text.VectorB0
                0x0000000008003ce0       0x20 bin/obj/gpt_lld.o
                0x0000000008003ce0                VectorB0
 .text.Vector108
                0x0000000008003d00       0x20 bin/obj/gpt_lld.o
                0x0000000008003d00                Vector108
 .text.gpt_lld_init
                0x0000000008003d20       0x50 bin/obj/gpt_lld.o
                0x0000000008003d20                gpt_lld_init
 .text.gpt_lld_start
                0x0000000008003d70       0xd0 bin/obj/gpt_lld.o
                0x0000000008003d70                gpt_lld_start
 .text.gpt_lld_start_timer
                0x0000000008003e40       0x20 bin/obj/gpt_lld.o
                0x0000000008003e40                gpt_lld_start_timer
 .text.notify1  0x0000000008003e60       0x20 bin/obj/serial_lld.o
 .text.notify2  0x0000000008003e80       0x20 bin/obj/serial_lld.o
 .text.notify3  0x0000000008003ea0       0x20 bin/obj/serial_lld.o
 .text.serve_interrupt
                0x0000000008003ec0      0x100 bin/obj/serial_lld.o
 .text.VectorD4
                0x0000000008003fc0       0x20 bin/obj/serial_lld.o
                0x0000000008003fc0                VectorD4
 .text.VectorD8
                0x0000000008003fe0       0x20 bin/obj/serial_lld.o
                0x0000000008003fe0                VectorD8
 .text.VectorDC
                0x0000000008004000       0x20 bin/obj/serial_lld.o
                0x0000000008004000                VectorDC
 .text.sd_lld_init
                0x0000000008004020       0x70 bin/obj/serial_lld.o
                0x0000000008004020                sd_lld_init
 .text.sd_lld_start
                0x0000000008004090       0xf0 bin/obj/serial_lld.o
                0x0000000008004090                sd_lld_start
 .text.__early_init
                0x0000000008004180       0x10 bin/obj/board.o
                0x0000000008004180                __early_init
 .text.boardInit
                0x0000000008004190       0x10 bin/obj/board.o
                0x0000000008004190                boardInit
 .text.long_to_string_with_divisor.constprop.0
                0x00000000080041a0       0x50 bin/obj/chprintf.o
 .text.chvprintf
                0x00000000080041f0      0x260 bin/obj/chprintf.o
                0x00000000080041f0                chvprintf
 .text.cmd_flags
                0x0000000008004450      0x120 bin/obj/vexshell.o
 .text.cmd_systime
                0x0000000008004570       0x30 bin/obj/vexshell.o
 .text.cmd_info
                0x00000000080045a0      0x100 bin/obj/vexshell.o
 .text.cmd_reboot
                0x00000000080046a0       0x50 bin/obj/vexshell.o
 .text.cmd_threads
                0x00000000080046f0       0xa0 bin/obj/vexshell.o
 .text.cmd_mem  0x0000000008004790       0x90 bin/obj/vexshell.o
 .text._strtok.constprop.5
                0x0000000008004820       0x50 bin/obj/vexshell.o
 .text.shellInit
                0x0000000008004870       0x10 bin/obj/vexshell.o
                0x0000000008004870                shellInit
 .text.shellCreate
                0x0000000008004880       0x20 bin/obj/vexshell.o
                0x0000000008004880                shellCreate
 .text.shellGetLine
                0x00000000080048a0      0x220 bin/obj/vexshell.o
                0x00000000080048a0                shellGetLine
 .text.shell_thread
                0x0000000008004ac0      0x250 bin/obj/vexshell.o
 .text.vexCortexMonitorTask
                0x0000000008004d10      0x170 bin/obj/vexcortex.o
 .text.vexCortexSystemTask
                0x0000000008004e80       0x50 bin/obj/vexcortex.o
 .text.vexTaskRegisterPersistant
                0x0000000008004ed0       0x80 bin/obj/vexcortex.o
                0x0000000008004ed0                vexTaskRegisterPersistant
 .text.vexTaskRegister
                0x0000000008004f50       0x10 bin/obj/vexcortex.o
                0x0000000008004f50                vexTaskRegister
 .text.vexSleep
                0x0000000008004f60       0xd0 bin/obj/vexcortex.o
                0x0000000008004f60                vexSleep
 .text.vexCortexInit
                0x0000000008005030      0x130 bin/obj/vexcortex.o
                0x0000000008005030                vexCortexInit
 .text.vexConsoleInit
                0x0000000008005160       0x20 bin/obj/vexcortex.o
                0x0000000008005160                vexConsoleInit
 .text._vi_cb   0x0000000008005180       0x50 bin/obj/vexdigital.o
 .text.vexDigitalModeSet
                0x00000000080051d0       0x40 bin/obj/vexdigital.o
                0x00000000080051d0                vexDigitalModeSet
 .text.vexDigitalPinSet
                0x0000000008005210       0x40 bin/obj/vexdigital.o
                0x0000000008005210                vexDigitalPinSet
 .text.vexDigitalIntrSet
                0x0000000008005250       0x60 bin/obj/vexdigital.o
                0x0000000008005250                vexDigitalIntrSet
 .text.vexDigitalIntrRun
                0x00000000080052b0       0x40 bin/obj/vexdigital.o
                0x00000000080052b0                vexDigitalIntrRun
 .text.vexDigitalConfigure
                0x00000000080052f0      0x140 bin/obj/vexconfig.o
                0x00000000080052f0                vexDigitalConfigure
 .text.vexMotorConfigure
                0x0000000008005430       0xe0 bin/obj/vexconfig.o
                0x0000000008005430                vexMotorConfigure
 .text.vexExtSet
                0x0000000008005510       0x60 bin/obj/vexext.o
                0x0000000008005510                vexExtSet
 .text.vexExtIrqInit
                0x0000000008005570       0x20 bin/obj/vexext.o
                0x0000000008005570                vexExtIrqInit
 .text._vqe_4_cb_b
                0x0000000008005590       0x50 bin/obj/vexencoder.o
 .text._vqe_5_cb_a
                0x00000000080055e0       0x50 bin/obj/vexencoder.o
 .text._vqe_5_cb_b
                0x0000000008005630       0x50 bin/obj/vexencoder.o
 .text._vqe_1_cb_a
                0x0000000008005680       0x50 bin/obj/vexencoder.o
 .text._vqe_2_cb_a
                0x00000000080056d0       0x50 bin/obj/vexencoder.o
 .text._vqe_3_cb_a
                0x0000000008005720       0x50 bin/obj/vexencoder.o
 .text._vqe_4_cb_a
                0x0000000008005770       0x50 bin/obj/vexencoder.o
 .text._vqe_1_cb_b
                0x00000000080057c0       0x50 bin/obj/vexencoder.o
 .text._vqe_2_cb_b
                0x0000000008005810       0x50 bin/obj/vexencoder.o
 .text._vqe_3_cb_b
                0x0000000008005860       0x50 bin/obj/vexencoder.o
 .text.vexEncoderInit
                0x00000000080058b0       0x30 bin/obj/vexencoder.o
                0x00000000080058b0                vexEncoderInit
 .text.vexEncoderAdd
                0x00000000080058e0       0xc0 bin/obj/vexencoder.o
                0x00000000080058e0                vexEncoderAdd
 .text.vexEncoderStart
                0x00000000080059a0       0x40 bin/obj/vexencoder.o
                0x00000000080059a0                vexEncoderStart
 .text.vexEncoderStartAll
                0x00000000080059e0       0x20 bin/obj/vexencoder.o
                0x00000000080059e0                vexEncoderStartAll
 .text.vexEncoderGet
                0x0000000008005a00       0x30 bin/obj/vexencoder.o
                0x0000000008005a00                vexEncoderGet
 .text.vexEncoderSet
                0x0000000008005a30       0x20 bin/obj/vexencoder.o
                0x0000000008005a30                vexEncoderSet
 .text.vexEncoderGetId
                0x0000000008005a50       0x30 bin/obj/vexencoder.o
                0x0000000008005a50                vexEncoderGetId
 .text.vexEncoderDebug
                0x0000000008005a80       0x40 bin/obj/vexencoder.o
                0x0000000008005a80                vexEncoderDebug
 .text._vs_echo_cb
                0x0000000008005ac0       0x70 bin/obj/vexsonar.o
 .text._vs_gpt_cb
                0x0000000008005b30       0x90 bin/obj/vexsonar.o
 .text.vexSonarAdd
                0x0000000008005bc0       0x80 bin/obj/vexsonar.o
                0x0000000008005bc0                vexSonarAdd
 .text.vexSonarStart
                0x0000000008005c40       0x30 bin/obj/vexsonar.o
                0x0000000008005c40                vexSonarStart
 .text.vexSonarStartAll
                0x0000000008005c70       0x20 bin/obj/vexsonar.o
                0x0000000008005c70                vexSonarStartAll
 .text.vexSonarRun
                0x0000000008005c90       0x60 bin/obj/vexsonar.o
                0x0000000008005c90                vexSonarRun
 .text.vexSonarPing
                0x0000000008005cf0       0x40 bin/obj/vexsonar.o
                0x0000000008005cf0                vexSonarPing
 .text.VexSonarTask
                0x0000000008005d30      0x120 bin/obj/vexsonar.o
 .text.vexSonarDebug
                0x0000000008005e50       0x60 bin/obj/vexsonar.o
                0x0000000008005e50                vexSonarDebug
 .text.vexMotorSet
                0x0000000008005eb0       0x30 bin/obj/vexmotor.o
                0x0000000008005eb0                vexMotorSet
 .text.vexMotorGet
                0x0000000008005ee0       0x20 bin/obj/vexmotor.o
                0x0000000008005ee0                vexMotorGet
 .text.vexMotorStopAll
                0x0000000008005f00       0x20 bin/obj/vexmotor.o
                0x0000000008005f00                vexMotorStopAll
 .text.vexMotorTypeSet
                0x0000000008005f20       0x20 bin/obj/vexmotor.o
                0x0000000008005f20                vexMotorTypeSet
 .text.vexMotorDirectionSet
                0x0000000008005f40       0x20 bin/obj/vexmotor.o
                0x0000000008005f40                vexMotorDirectionSet
 .text.vexMotorDirectionGet
                0x0000000008005f60       0x20 bin/obj/vexmotor.o
                0x0000000008005f60                vexMotorDirectionGet
 .text.vexMotorPositionGet
                0x0000000008005f80       0x50 bin/obj/vexmotor.o
                0x0000000008005f80                vexMotorPositionGet
 .text.vexMotorPositionGetCallback
                0x0000000008005fd0       0x20 bin/obj/vexmotor.o
                0x0000000008005fd0                vexMotorPositionGetCallback
 .text.vexMotorPositionSetCallback
                0x0000000008005ff0       0x20 bin/obj/vexmotor.o
                0x0000000008005ff0                vexMotorPositionSetCallback
 .text.vexMotorEncoderIdCallback
                0x0000000008006010       0x20 bin/obj/vexmotor.o
                0x0000000008006010                vexMotorEncoderIdCallback
 .text.vexMotorDebug
                0x0000000008006030      0x100 bin/obj/vexmotor.o
                0x0000000008006030                vexMotorDebug
 .text._vexMotorPwmInit
                0x0000000008006130      0x160 bin/obj/vexmotor.o
                0x0000000008006130                _vexMotorPwmInit
 .text.vexMotorInit
                0x0000000008006290       0x40 bin/obj/vexmotor.o
                0x0000000008006290                vexMotorInit
 .text._vexMotorPwmSet_0
                0x00000000080062d0       0x70 bin/obj/vexmotor.o
                0x00000000080062d0                _vexMotorPwmSet_0
 .text._vexMotorPwmSet_9
                0x0000000008006340       0x80 bin/obj/vexmotor.o
                0x0000000008006340                _vexMotorPwmSet_9
 .text.VectorB8
                0x00000000080063c0       0xf0 bin/obj/vexmotor.o
                0x00000000080063c0                VectorB8
 .text._vspi_gpt_cb
                0x00000000080064b0       0x30 bin/obj/vexspi.o
 .text.chprintf
                0x00000000080064e0       0x20 bin/obj/vexspi.o
 .text.vexSpiInit
                0x0000000008006500       0x60 bin/obj/vexspi.o
                0x0000000008006500                vexSpiInit
 .text.vexSpiGetOnlineStatus
                0x0000000008006560       0x10 bin/obj/vexspi.o
                0x0000000008006560                vexSpiGetOnlineStatus
 .text.vexSpiGetJoystickDataPtr
                0x0000000008006570       0x20 bin/obj/vexspi.o
                0x0000000008006570                vexSpiGetJoystickDataPtr
 .text.vexSpiGetControl
                0x0000000008006590       0x10 bin/obj/vexspi.o
                0x0000000008006590                vexSpiGetControl
 .text.vexSpiSetMotor
                0x00000000080065a0       0x40 bin/obj/vexspi.o
                0x00000000080065a0                vexSpiSetMotor
 .text.vexSpiTickDelay
                0x00000000080065e0       0x40 bin/obj/vexspi.o
                0x00000000080065e0                vexSpiTickDelay
 .text.vexSpiSend
                0x0000000008006620      0x140 bin/obj/vexspi.o
                0x0000000008006620                vexSpiSend
 .text.vexSpiDebug
                0x0000000008006760      0x1e0 bin/obj/vexspi.o
                0x0000000008006760                vexSpiDebug
 .text.vexLcdSet.part.0
                0x0000000008006940       0x30 bin/obj/vexlcd.o
 .text.vexLcdSendMessage.part.1
                0x0000000008006970       0xa0 bin/obj/vexlcd.o
 .text.vexLcdInit
                0x0000000008006a10       0xb0 bin/obj/vexlcd.o
                0x0000000008006a10                vexLcdInit
 .text.vexLcdPrintf
                0x0000000008006ac0       0x50 bin/obj/vexlcd.o
                0x0000000008006ac0                vexLcdPrintf
 .text.vexLcdCheckReceiveMessage
                0x0000000008006b10       0x80 bin/obj/vexlcd.o
                0x0000000008006b10                vexLcdCheckReceiveMessage
 .text.VexLcdUpdate
                0x0000000008006b90      0x110 bin/obj/vexlcd.o
 .text.vexLcdDebug
                0x0000000008006ca0       0xd0 bin/obj/vexlcd.o
                0x0000000008006ca0                vexLcdDebug
 .text.vexAdcInit
                0x0000000008006d70       0x40 bin/obj/vexanalog.o
                0x0000000008006d70                vexAdcInit
 .text.vexAdcDebug
                0x0000000008006db0       0x30 bin/obj/vexanalog.o
                0x0000000008006db0                vexAdcDebug
 .text.vexControllerCompetitonState
                0x0000000008006de0       0x20 bin/obj/vexctl.o
                0x0000000008006de0                vexControllerCompetitonState
 .text.vexControllerGet
                0x0000000008006e00      0x130 bin/obj/vexctl.o
                0x0000000008006e00                vexControllerGet
 .text.vexImeGetCount
                0x0000000008006f30       0x30 bin/obj/vexime.o
                0x0000000008006f30                vexImeGetCount
 .text.vexImeSetCount
                0x0000000008006f60       0x20 bin/obj/vexime.o
                0x0000000008006f60                vexImeSetCount
 .text.vexImeGetId
                0x0000000008006f80       0x20 bin/obj/vexime.o
                0x0000000008006f80                vexImeGetId
 .text.vexImeSetType
                0x0000000008006fa0       0x80 bin/obj/vexime.o
                0x0000000008006fa0                vexImeSetType
 .text.vexImeSetMotor
                0x0000000008007020       0x20 bin/obj/vexime.o
                0x0000000008007020                vexImeSetMotor
 .text.vexImeInit
                0x0000000008007040       0x70 bin/obj/vexime.o
                0x0000000008007040                vexImeInit
 .text.vexIMEDataInit
                0x00000000080070b0       0x50 bin/obj/vexime.o
                0x00000000080070b0                vexIMEDataInit
 .text.vexIMEResetAll
                0x0000000008007100       0x50 bin/obj/vexime.o
                0x0000000008007100                vexIMEResetAll
 .text.vexIMEHandleErrors
                0x0000000008007150       0xa0 bin/obj/vexime.o
                0x0000000008007150                vexIMEHandleErrors
 .text.vexIMEGetVersion
                0x00000000080071f0       0x70 bin/obj/vexime.o
                0x00000000080071f0                vexIMEGetVersion
 .text.vexIMEGetVendor
                0x0000000008007260       0x70 bin/obj/vexime.o
                0x0000000008007260                vexIMEGetVendor
 .text.vexIMEGetDeviceId
                0x00000000080072d0       0x70 bin/obj/vexime.o
                0x00000000080072d0                vexIMEGetDeviceId
 .text.vexIMEGetData
                0x0000000008007340       0x70 bin/obj/vexime.o
                0x0000000008007340                vexIMEGetData
 .text.vexIMEUpdateCounts
                0x00000000080073b0       0x80 bin/obj/vexime.o
                0x00000000080073b0                vexIMEUpdateCounts
 .text.vexIMEClearCounters
                0x0000000008007430       0x60 bin/obj/vexime.o
                0x0000000008007430                vexIMEClearCounters
 .text.vexIMEDisableTermination
                0x0000000008007490       0x60 bin/obj/vexime.o
                0x0000000008007490                vexIMEDisableTermination
 .text.vexIMEEnableTermination
                0x00000000080074f0       0x60 bin/obj/vexime.o
                0x00000000080074f0                vexIMEEnableTermination
 .text.vexIMESetAddr
                0x0000000008007550       0x70 bin/obj/vexime.o
                0x0000000008007550                vexIMESetAddr
 .text.vexIMEFindEncoders
                0x00000000080075c0      0x110 bin/obj/vexime.o
                0x00000000080075c0                vexIMEFindEncoders
 .text.vexIMEPrintBuf
                0x00000000080076d0       0x90 bin/obj/vexime.o
                0x00000000080076d0                vexIMEPrintBuf
 .text.vexImeTask
                0x0000000008007760      0x120 bin/obj/vexime.o
 .text.vexIMEDebug
                0x0000000008007880      0x150 bin/obj/vexime.o
                0x0000000008007880                vexIMEDebug
 .text.vex_printc
                0x00000000080079d0       0xc0 bin/obj/vexprintf.o
 .text.vex_prints
                0x0000000008007a90       0xa0 bin/obj/vexprintf.o
 .text.vex_printi
                0x0000000008007b30       0xd0 bin/obj/vexprintf.o
 .text.vex_print
                0x0000000008007c00      0x400 bin/obj/vexprintf.o
 .text.vex_chprintf
                0x0000000008008000       0x70 bin/obj/vexprintf.o
                0x0000000008008000                vex_chprintf
 .text.vex_vsnprintf
                0x0000000008008070       0x70 bin/obj/vexprintf.o
                0x0000000008008070                vex_vsnprintf
 .text.vexTestThread
                0x00000000080080e0       0x20 bin/obj/vextest.o
 .text.vexTest  0x0000000008008100       0x30 bin/obj/vextest.o
                0x0000000008008100                vexTest
 .text.vexTestDebug
                0x0000000008008130       0x10 bin/obj/vextest.o
                0x0000000008008130                vexTestDebug
 .text.CleanupTask
                0x0000000008008140       0x30 bin/obj/robotc_glue.o
                0x0000000008008140                CleanupTask
 .text.vexUserSetup
                0x0000000008008170       0x30 bin/obj/vexuser.o
                0x0000000008008170                vexUserSetup
 .text.vexUserInit
                0x00000000080081a0       0x10 bin/obj/vexuser.o
                0x00000000080081a0                vexUserInit
 .text.vexAutonomous
                0x00000000080081b0       0x30 bin/obj/vexuser.o
                0x00000000080081b0                vexAutonomous
 .text.vexOperator
                0x00000000080081e0      0x5c0 bin/obj/vexuser.o
                0x00000000080081e0                vexOperator
 .text.atoi     0x00000000080087a0        0x8 /usr/lib/gcc/arm-none-eabi/4.8.2/../../../arm-none-eabi/lib/armv7-m/libc.a(lib_a-atoi.o)
                0x00000000080087a0                atoi
 *fill*         0x00000000080087a8        0x8 
 .text.memset   0x00000000080087b0       0x94 /usr/lib/gcc/arm-none-eabi/4.8.2/../../../arm-none-eabi/lib/armv7-m/libc.a(lib_a-memset.o)
                0x00000000080087b0                memset
 *fill*         0x0000000008008844        0xc 
 .text.strcasecmp
                0x0000000008008850       0x48 /usr/lib/gcc/arm-none-eabi/4.8.2/../../../arm-none-eabi/lib/armv7-m/libc.a(lib_a-strcasecmp.o)
                0x0000000008008850                strcasecmp
 *fill*         0x0000000008008898        0x8 
 .text.strchr   0x00000000080088a0       0xf4 /usr/lib/gcc/arm-none-eabi/4.8.2/../../../arm-none-eabi/lib/armv7-m/libc.a(lib_a-strchr.o)
                0x00000000080088a0                strchr
 *fill*         0x0000000008008994        0xc 
 .text.strncpy  0x00000000080089a0       0x68 /usr/lib/gcc/arm-none-eabi/4.8.2/../../../arm-none-eabi/lib/armv7-m/libc.a(lib_a-strncpy.o)
                0x00000000080089a0                strncpy
 *fill*         0x0000000008008a08        0x8 
 .text.strspn   0x0000000008008a10       0x40 /usr/lib/gcc/arm-none-eabi/4.8.2/../../../arm-none-eabi/lib/armv7-m/libc.a(lib_a-strspn.o)
                0x0000000008008a10                strspn
 .text._strtol_r
                0x0000000008008a50      0x124 /usr/lib/gcc/arm-none-eabi/4.8.2/../../../arm-none-eabi/lib/armv7-m/libc.a(lib_a-strtol.o)
                0x0000000008008a50                _strtol_r
 *fill*         0x0000000008008b74        0xc 
 .text.strtol   0x0000000008008b80       0x1c /usr/lib/gcc/arm-none-eabi/4.8.2/../../../arm-none-eabi/lib/armv7-m/libc.a(lib_a-strtol.o)
                0x0000000008008b80                strtol
 *(.rodata)
 *fill*         0x0000000008008b9c        0x4 
 .rodata        0x0000000008008ba0        0x4 bin/obj/vexshell.o
 *fill*         0x0000000008008ba4        0xc 
 .rodata        0x0000000008008bb0        0x4 bin/obj/vexuser.o
 *(.rodata.*)
 *fill*         0x0000000008008bb4        0xc 
 .rodata.str1.4
                0x0000000008008bc0        0x5 bin/obj/chsys.o
                                          0x8 (size before relaxing)
 *fill*         0x0000000008008bc5        0xb 
 .rodata.ch_debug
                0x0000000008008bd0       0x18 bin/obj/chregistry.o
                0x0000000008008bd0                ch_debug
 *fill*         0x0000000008008be8        0x8 
 .rodata.vmt    0x0000000008008bf0       0x20 bin/obj/serial.o
 .rodata._stm32_dma_streams
                0x0000000008008c10       0x90 bin/obj/stm32_dma.o
                0x0000000008008c10                _stm32_dma_streams
 .rodata.cfgtab.6509
                0x0000000008008ca0       0x14 bin/obj/pal_lld.o
 *fill*         0x0000000008008cb4        0xc 
 .rodata.default_config
                0x0000000008008cc0        0xc bin/obj/serial_lld.o
 *fill*         0x0000000008008ccc        0x4 
 .rodata.pal_default_config
                0x0000000008008cd0       0x54 bin/obj/board.o
                0x0000000008008cd0                pal_default_config
 *fill*         0x0000000008008d24        0xc 
 .rodata.str1.4
                0x0000000008008d30        0x7 bin/obj/chprintf.o
                                          0x8 (size before relaxing)
 *fill*         0x0000000008008d37        0x9 
 .rodata.str1.4
                0x0000000008008d40      0x4c2 bin/obj/vexshell.o
                                        0x4cc (size before relaxing)
 *fill*         0x0000000008009202        0xe 
 .rodata.states.7699
                0x0000000008009210       0x3c bin/obj/vexshell.o
 *fill*         0x000000000800924c        0x4 
 .rodata.lcd_config
                0x0000000008009250        0xc bin/obj/vexcortex.o
 *fill*         0x000000000800925c        0x4 
 .rodata.console_config
                0x0000000008009260        0xc bin/obj/vexcortex.o
 *fill*         0x000000000800926c        0x4 
 .rodata.str1.4
                0x0000000008009270       0x4c bin/obj/vexcortex.o
                                         0x70 (size before relaxing)
 *fill*         0x00000000080092bc        0x4 
 .rodata._vqe_cb_a
                0x00000000080092c0       0x14 bin/obj/vexencoder.o
 *fill*         0x00000000080092d4        0xc 
 .rodata._vqe_cb_b
                0x00000000080092e0       0x14 bin/obj/vexencoder.o
 *fill*         0x00000000080092f4        0xc 
 .rodata.str1.4
                0x0000000008009300       0x11 bin/obj/vexencoder.o
                                         0x14 (size before relaxing)
 *fill*         0x0000000008009311        0xf 
 .rodata.vexSonarGpt
                0x0000000008009320        0xc bin/obj/vexsonar.o
 *fill*         0x000000000800932c        0x4 
 .rodata.str1.4
                0x0000000008009330       0x30 bin/obj/vexsonar.o
 .rodata.str1.4
                0x0000000008009360       0x5d bin/obj/vexmotor.o
                                         0x68 (size before relaxing)
 *fill*         0x00000000080093bd        0x3 
 .rodata.txInitData
                0x00000000080093c0       0x20 bin/obj/vexspi.o
 .rodata.vexSpiGpt
                0x00000000080093e0        0xc bin/obj/vexspi.o
 *fill*         0x00000000080093ec        0x4 
 .rodata.str1.4
                0x00000000080093f0       0x67 bin/obj/vexspi.o
                                         0x6c (size before relaxing)
 *fill*         0x0000000008009457        0x9 
 .rodata.str1.4
                0x0000000008009460       0x45 bin/obj/vexlcd.o
                                         0x4c (size before relaxing)
 *fill*         0x00000000080094a5        0xb 
 .rodata.str1.4
                0x00000000080094b0       0x13 bin/obj/vexanalog.o
                                         0x14 (size before relaxing)
 *fill*         0x00000000080094c3        0xd 
 .rodata.str1.4
                0x00000000080094d0       0xf7 bin/obj/vexime.o
                                        0x10c (size before relaxing)
 *fill*         0x00000000080095c7        0x9 
 .rodata.imeI2cConfig
                0x00000000080095d0        0xc bin/obj/vexime.o
 *fill*         0x00000000080095dc        0x4 
 .rodata.str1.4
                0x00000000080095e0        0x2 bin/obj/vexprintf.o
                                          0xc (size before relaxing)
 *fill*         0x00000000080095e2        0xe 
 .rodata.round_nums
                0x00000000080095f0       0x40 bin/obj/vexprintf.o
 .rodata.str1.4
                0x0000000008009630        0x5 bin/obj/vextest.o
                                          0x8 (size before relaxing)
 *fill*         0x0000000008009635        0xb 
 .rodata.str1.4
                0x0000000008009640       0x17 bin/obj/vexuser.o
                                         0x18 (size before relaxing)
 *fill*         0x0000000008009657        0x9 
 .rodata.commands
                0x0000000008009660       0x48 bin/obj/main.o
 *fill*         0x00000000080096a8        0x8 
 .rodata.shell_cfg1
                0x00000000080096b0        0x8 bin/obj/main.o
 *fill*         0x00000000080096b8        0x8 
 .rodata.str1.4
                0x00000000080096c0       0x18 bin/obj/main.o
                                         0x28 (size before relaxing)
 *fill*         0x00000000080096d8        0x8 
 .rodata._ctype_
                0x00000000080096e0      0x104 /usr/lib/gcc/arm-none-eabi/4.8.2/../../../arm-none-eabi/lib/armv7-m/libc.a(lib_a-ctype_.o)
                0x00000000080096e0                _ctype_
 *fill*         0x00000000080097e4        0xc 
 .rodata.str1.4
                0x00000000080097f0        0x4 /usr/lib/gcc/arm-none-eabi/4.8.2/../../../arm-none-eabi/lib/armv7-m/libc.a(lib_a-impure.o)
 *(.glue_7t)
 .glue_7t       0x0000000000000000        0x0 linker stubs
 *(.glue_7)
 .glue_7        0x0000000000000000        0x0 linker stubs
 *(.gcc*)

.vfp11_veneer   0x00000000080097f4        0x0
 .vfp11_veneer  0x0000000000000000        0x0 linker stubs

.v4_bx          0x00000000080097f4        0x0
 .v4_bx         0x0000000000000000        0x0 linker stubs

.iplt           0x00000000080097f4        0x0
 .iplt          0x0000000000000000        0x0 bin/obj/crt0.o

.rel.dyn        0x00000000080097f4        0x0
 .rel.iplt      0x0000000000000000        0x0 bin/obj/crt0.o

.ARM.extab
 *(.ARM.extab* .gnu.linkonce.armextab.*)

.ARM.exidx      0x00000000080097f4        0x0
                0x00000000080097f4                PROVIDE (__exidx_start, .)
 *(.ARM.exidx* .gnu.linkonce.armexidx.*)
                0x00000000080097f4                PROVIDE (__exidx_end, .)

.eh_frame_hdr
 *(.eh_frame_hdr)

.eh_frame
 *(.eh_frame)

.textalign      0x00000000080097f4        0x4
                0x00000000080097f8                . = ALIGN (0x8)
 *fill*         0x00000000080097f4        0x4 
                0x00000000080097f8                . = ALIGN (0x4)
                0x00000000080097f8                _etext = .
                0x00000000080097f8                _textdata = _etext

.stacks         0x0000000020000000      0x800
                0x0000000020000000                . = ALIGN (0x8)
                0x0000000020000000                __main_stack_base__ = .
                0x0000000020000400                . = (. + __main_stack_size__)
 *fill*         0x0000000020000000      0x400 
                0x0000000020000400                . = ALIGN (0x8)
                0x0000000020000400                __main_stack_end__ = .
                0x0000000020000400                __process_stack_base__ = .
                0x0000000020000400                __main_thread_stack_base__ = .
                0x0000000020000800                . = (. + __process_stack_size__)
 *fill*         0x0000000020000400      0x400 
                0x0000000020000800                . = ALIGN (0x8)
                0x0000000020000800                __process_stack_end__ = .
                0x0000000020000800                __main_thread_stack_end__ = .

.data           0x0000000020000800      0x76c load address 0x00000000080097f8
                0x0000000020000800                . = ALIGN (0x4)
                0x0000000020000800                PROVIDE (_data, .)
 *(.data)
                0x0000000020000800                . = ALIGN (0x4)
 *(.data.*)
 .data.shell_echo
                0x0000000020000800        0x1 bin/obj/vexshell.o
 .data.shell_bufr
                0x0000000020000801        0x1 bin/obj/vexshell.o
 *fill*         0x0000000020000802        0x2 
 .data.local_commands
                0x0000000020000804       0x38 bin/obj/vexshell.o
 .data.task_terminate
                0x000000002000083c        0x4 bin/obj/vexcortex.o
 .data.vexioDefinition
                0x0000000020000840       0x90 bin/obj/vexdigital.o
                0x0000000020000840                vexioDefinition
 .data.vexDefConfig
                0x00000000200008d0       0x48 bin/obj/vexconfig.o
 .data.vexExtCfg
                0x0000000020000918       0x98 bin/obj/vexext.o
 .data.spicfg   0x00000000200009b0        0xc bin/obj/vexspi.o
 .data.spiTeamName
                0x00000000200009bc       0x10 bin/obj/vexspi.o
 .data.vexLcdData
                0x00000000200009cc       0xc0 bin/obj/vexlcd.o
 .data.adccg    0x0000000020000a8c       0x28 bin/obj/vexanalog.o
 .data.fDigital
                0x0000000020000ab4       0x48 bin/obj/vexuser.o
 .data.fMotors  0x0000000020000afc       0x3c bin/obj/vexuser.o
 .data.__ctype_ptr__
                0x0000000020000b38        0x4 /usr/lib/gcc/arm-none-eabi/4.8.2/../../../arm-none-eabi/lib/armv7-m/libc.a(lib_a-ctype_.o)
                0x0000000020000b38                __ctype_ptr__
 *fill*         0x0000000020000b3c        0x4 
 .data.impure_data
                0x0000000020000b40      0x428 /usr/lib/gcc/arm-none-eabi/4.8.2/../../../arm-none-eabi/lib/armv7-m/libc.a(lib_a-impure.o)
 .data._impure_ptr
                0x0000000020000f68        0x4 /usr/lib/gcc/arm-none-eabi/4.8.2/../../../arm-none-eabi/lib/armv7-m/libc.a(lib_a-impure.o)
                0x0000000020000f68                _impure_ptr
                0x0000000020000f6c                . = ALIGN (0x4)
 *(.ramtext)
                0x0000000020000f6c                . = ALIGN (0x4)
                0x0000000020000f6c                PROVIDE (_edata, .)

.igot.plt       0x0000000020000f6c        0x0 load address 0x0000000008009f64
 .igot.plt      0x0000000000000000        0x0 bin/obj/crt0.o

.bss            0x0000000020000f70     0x1c64 load address 0x0000000008009f64
                0x0000000020000f70                . = ALIGN (0x4)
                0x0000000020000f70                PROVIDE (_bss_start, .)
 *(.bss)
                0x0000000020000f70                . = ALIGN (0x4)
 *(.bss.*)
 .bss.mainthread.4794
                0x0000000020000f70       0x48 bin/obj/chsys.o
 .bss._idle_thread_wa
                0x0000000020000fb8       0xc0 bin/obj/chsys.o
                0x0000000020000fb8                _idle_thread_wa
 .bss.vtlist    0x0000000020001078       0x10 bin/obj/chvt.o
                0x0000000020001078                vtlist
 .bss.rlist     0x0000000020001088       0x1c bin/obj/chschd.o
                0x0000000020001088                rlist
 .bss.endmem    0x00000000200010a4        0x4 bin/obj/chmemcore.o
 .bss.nextmem   0x00000000200010a8        0x4 bin/obj/chmemcore.o
 *fill*         0x00000000200010ac        0x4 
 .bss.default_heap
                0x00000000200010b0       0x20 bin/obj/chheap.o
 .bss.measurement_offset
                0x00000000200010d0        0x4 bin/obj/tm.o
 .bss.dma_isr_redir
                0x00000000200010d4       0x60 bin/obj/stm32_dma.o
 .bss.dma_streams_mask
                0x0000000020001134        0x4 bin/obj/stm32_dma.o
 .bss.ADCD1     0x0000000020001138       0x34 bin/obj/adc_lld.o
                0x0000000020001138                ADCD1
 .bss.EXTD1     0x000000002000116c        0x8 bin/obj/ext_lld.o
                0x000000002000116c                EXTD1
 .bss.I2CD1     0x0000000020001174       0x38 bin/obj/i2c_lld.o
                0x0000000020001174                I2CD1
 .bss.dummytx   0x00000000200011ac        0x2 bin/obj/spi_lld.o
 *fill*         0x00000000200011ae        0x2 
 .bss.SPID1     0x00000000200011b0       0x30 bin/obj/spi_lld.o
                0x00000000200011b0                SPID1
 .bss.GPTD1     0x00000000200011e0       0x10 bin/obj/gpt_lld.o
                0x00000000200011e0                GPTD1
 .bss.GPTD2     0x00000000200011f0       0x10 bin/obj/gpt_lld.o
                0x00000000200011f0                GPTD2
 .bss.GPTD5     0x0000000020001200       0x10 bin/obj/gpt_lld.o
                0x0000000020001200                GPTD5
 .bss.SD1       0x0000000020001210       0xd8 bin/obj/serial_lld.o
                0x0000000020001210                SD1
 .bss.SD2       0x00000000200012e8       0xd8 bin/obj/serial_lld.o
                0x00000000200012e8                SD2
 .bss.SD3       0x00000000200013c0       0xd8 bin/obj/serial_lld.o
                0x00000000200013c0                SD3
 .bss.history.7762
                0x0000000020001498       0x40 bin/obj/vexshell.o
 .bss.shell_terminated
                0x00000000200014d8        0x4 bin/obj/vexshell.o
                0x00000000200014d8                shell_terminated
 *fill*         0x00000000200014dc        0x4 
 .bss.waVexUserTask
                0x00000000200014e0      0x2b0 bin/obj/vexcortex.o
 .bss.waVexCortexSystemTask
                0x0000000020001790      0x180 bin/obj/vexcortex.o
 .bss.myThreads
                0x0000000020001910      0x1e0 bin/obj/vexcortex.o
 .bss.waVexCortexMonitorTask
                0x0000000020001af0      0x280 bin/obj/vexcortex.o
 .bss.vexKillAll
                0x0000000020001d70        0x1 bin/obj/vexcortex.o
 *fill*         0x0000000020001d71        0x3 
 .bss.vexQuadEncoders
                0x0000000020001d74       0x8c bin/obj/vexencoder.o
 .bss.vexSonarThread
                0x0000000020001e00        0x4 bin/obj/vexsonar.o
 *fill*         0x0000000020001e04        0x4 
 .bss.waVexSonarTask
                0x0000000020001e08      0x180 bin/obj/vexsonar.o
 .bss.nextSonar
                0x0000000020001f88        0x1 bin/obj/vexsonar.o
 *fill*         0x0000000020001f89        0x3 
 .bss.vexSonars
                0x0000000020001f8c       0xa0 bin/obj/vexsonar.o
 .bss.nextState
                0x000000002000202c        0x1 bin/obj/vexsonar.o
 *fill*         0x000000002000202d        0x1 
 .bss.m0_cur_value
                0x000000002000202e        0x2 bin/obj/vexmotor.o
 .bss.m9_new_value
                0x0000000020002030        0x2 bin/obj/vexmotor.o
 .bss.m9_cur_value
                0x0000000020002032        0x2 bin/obj/vexmotor.o
 .bss.vexMotors
                0x0000000020002034       0xc8 bin/obj/vexmotor.o
 .bss.m0_new_value
                0x00000000200020fc        0x2 bin/obj/vexmotor.o
 *fill*         0x00000000200020fe        0x2 
 .bss.PwmTimer  0x0000000020002100        0x4 bin/obj/vexmotor.o
 .bss.vexSpiData
                0x0000000020002104       0x68 bin/obj/vexspi.o
 .bss.spiThread
                0x000000002000216c        0x4 bin/obj/vexspi.o
 .bss.lcd_running
                0x0000000020002170        0x2 bin/obj/vexlcd.o
 *fill*         0x0000000020002172        0x2 
 .bss.lcd_buffer
                0x0000000020002174       0x20 bin/obj/vexlcd.o
 *fill*         0x0000000020002194        0x4 
 .bss.waVexLcdUpdate
                0x0000000020002198      0x180 bin/obj/vexlcd.o
 .bss.adccfg    0x0000000020002318        0x4 bin/obj/vexanalog.o
 .bss.samples_buf
                0x000000002000231c       0x10 bin/obj/vexanalog.o
 .bss.vexLocalCompState
                0x000000002000232c        0x2 bin/obj/vexctl.o
 *fill*         0x000000002000232e        0x2 
 .bss.errors    0x0000000020002330        0x4 bin/obj/vexime.o
 *fill*         0x0000000020002334        0x4 
 .bss.waVexImeTask
                0x0000000020002338      0x280 bin/obj/vexime.o
 .bss.vexImes   0x00000000200025b8      0x37c bin/obj/vexime.o
 .bss.pdefs1    0x0000000020002934       0x64 bin/obj/vexprintf.o
 .bss.pdefs2    0x0000000020002998       0x64 bin/obj/vexprintf.o
 *fill*         0x00000000200029fc        0x4 
 .bss.waVexTestThread
                0x0000000020002a00      0x180 bin/obj/vextest.o
 .bss.rcTasks   0x0000000020002b80       0x50 bin/obj/robotc_glue.o
 .bss.enableCurve
                0x0000000020002bd0        0x1 bin/obj/vexuser.o
                0x0000000020002bd0                enableCurve
                0x0000000020002bd4                . = ALIGN (0x4)
 *fill*         0x0000000020002bd1        0x3 
 *(COMMON)
                0x0000000020002bd4                . = ALIGN (0x4)
                0x0000000020002bd4                PROVIDE (_bss_end, .)
                0x0000000020002bd4                PROVIDE (end, .)
                0x0000000020002bd4                _end = .
                0x0000000020002bd4                __heap_base__ = _end
                0x0000000020010000                __heap_end__ = __ram_end__
OUTPUT(bin/output.elf elf32-littlearm)

.debug_info     0x0000000000000000    0x263bc
 .debug_info    0x0000000000000000      0x2bf bin/obj/crt0.o
 .debug_info    0x00000000000002bf      0x1cd bin/obj/vectors.o
 .debug_info    0x000000000000048c       0x92 bin/obj/chcore.o
 .debug_info    0x000000000000051e      0x7f4 bin/obj/chcore_v7m.o
 .debug_info    0x0000000000000d12      0x406 bin/obj/nvic.o
 .debug_info    0x0000000000001118      0x827 bin/obj/chsys.o
 .debug_info    0x000000000000193f      0x203 bin/obj/chvt.o
 .debug_info    0x0000000000001b42      0x974 bin/obj/chschd.o
 .debug_info    0x00000000000024b6      0xbe2 bin/obj/chthreads.o
 .debug_info    0x0000000000003098      0x88c bin/obj/chdynamic.o
 .debug_info    0x0000000000003924      0x623 bin/obj/chregistry.o
 .debug_info    0x0000000000003f47      0x9d2 bin/obj/chmtx.o
 .debug_info    0x0000000000004919      0xd75 bin/obj/chevents.o
 .debug_info    0x000000000000568e      0xbc3 bin/obj/chqueues.o
 .debug_info    0x0000000000006251      0x21f bin/obj/chmemcore.o
 .debug_info    0x0000000000006470      0x6fa bin/obj/chheap.o
 .debug_info    0x0000000000006b6a      0x408 bin/obj/chmempools.o
 .debug_info    0x0000000000006f72      0x3a4 bin/obj/hal.o
 .debug_info    0x0000000000007316      0xdc8 bin/obj/adc.o
 .debug_info    0x00000000000080de      0x49b bin/obj/ext.o
 .debug_info    0x0000000000008579      0x812 bin/obj/gpt.o
 .debug_info    0x0000000000008d8b      0xb65 bin/obj/i2c.o
 .debug_info    0x00000000000098f0      0xfc0 bin/obj/serial.o
 .debug_info    0x000000000000a8b0     0x1056 bin/obj/spi.o
 .debug_info    0x000000000000b906      0x2d8 bin/obj/tm.o
 .debug_info    0x000000000000bbde      0x80e bin/obj/stm32_dma.o
 .debug_info    0x000000000000c3ec      0x392 bin/obj/hal_lld.o
 .debug_info    0x000000000000c77e      0xbca bin/obj/adc_lld.o
 .debug_info    0x000000000000d348      0x83c bin/obj/ext_lld_isr.o
 .debug_info    0x000000000000db84      0x402 bin/obj/ext_lld.o
 .debug_info    0x000000000000df86      0x393 bin/obj/pal_lld.o
 .debug_info    0x000000000000e319     0x14ad bin/obj/i2c_lld.o
 .debug_info    0x000000000000f7c6      0xc31 bin/obj/spi_lld.o
 .debug_info    0x00000000000103f7      0x6cb bin/obj/gpt_lld.o
 .debug_info    0x0000000000010ac2      0xee7 bin/obj/serial_lld.o
 .debug_info    0x00000000000119a9      0x21c bin/obj/board.o
 .debug_info    0x0000000000011bc5      0x61a bin/obj/chprintf.o
 .debug_info    0x00000000000121df     0x1de2 bin/obj/vexshell.o
 .debug_info    0x0000000000013fc1     0x19e8 bin/obj/vexcortex.o
 .debug_info    0x00000000000159a9      0x623 bin/obj/vexdigital.o
 .debug_info    0x0000000000015fcc      0x76c bin/obj/vexconfig.o
 .debug_info    0x0000000000016738      0x3a5 bin/obj/vexext.o
 .debug_info    0x0000000000016add     0x102f bin/obj/vexencoder.o
 .debug_info    0x0000000000017b0c     0x1210 bin/obj/vexsonar.o
 .debug_info    0x0000000000018d1c     0x118a bin/obj/vexmotor.o
 .debug_info    0x0000000000019ea6     0x164b bin/obj/vexspi.o
 .debug_info    0x000000000001b4f1     0x159c bin/obj/vexlcd.o
 .debug_info    0x000000000001ca8d      0xb5c bin/obj/vexanalog.o
 .debug_info    0x000000000001d5e9      0x506 bin/obj/vexctl.o
 .debug_info    0x000000000001daef     0x1faf bin/obj/vexime.o
 .debug_info    0x000000000001fa9e     0x1737 bin/obj/vexprintf.o
 .debug_info    0x00000000000211d5      0x729 bin/obj/vextest.o
 .debug_info    0x00000000000218fe      0x884 bin/obj/robotc_glue.o
 .debug_info    0x0000000000022182      0xf36 bin/obj/vexuser.o
 .debug_info    0x00000000000230b8      0xb4d bin/obj/main.o
 .debug_info    0x0000000000023c05       0xa0 /usr/lib/gcc/arm-none-eabi/4.8.2/armv7-m/libgcc.a(_arm_addsubdf3.o)
 .debug_info    0x0000000000023ca5       0xa0 /usr/lib/gcc/arm-none-eabi/4.8.2/armv7-m/libgcc.a(_arm_muldivdf3.o)
 .debug_info    0x0000000000023d45       0xa0 /usr/lib/gcc/arm-none-eabi/4.8.2/armv7-m/libgcc.a(_arm_cmpdf2.o)
 .debug_info    0x0000000000023de5       0xa0 /usr/lib/gcc/arm-none-eabi/4.8.2/armv7-m/libgcc.a(_arm_fixdfsi.o)
 .debug_info    0x0000000000023e85       0xa0 /usr/lib/gcc/arm-none-eabi/4.8.2/armv7-m/libgcc.a(_arm_fixunsdfsi.o)
 .debug_info    0x0000000000023f25       0xa0 /usr/lib/gcc/arm-none-eabi/4.8.2/armv7-m/libgcc.a(_arm_addsubsf3.o)
 .debug_info    0x0000000000023fc5       0xa0 /usr/lib/gcc/arm-none-eabi/4.8.2/armv7-m/libgcc.a(_arm_muldivsf3.o)
 .debug_info    0x0000000000024065       0xa0 /usr/lib/gcc/arm-none-eabi/4.8.2/armv7-m/libgcc.a(_arm_cmpsf2.o)
 .debug_info    0x0000000000024105       0xa0 /usr/lib/gcc/arm-none-eabi/4.8.2/armv7-m/libgcc.a(_arm_fixsfsi.o)
 .debug_info    0x00000000000241a5       0xa0 /usr/lib/gcc/arm-none-eabi/4.8.2/armv7-m/libgcc.a(_arm_fixunssfsi.o)
 .debug_info    0x0000000000024245      0x941 /usr/lib/gcc/arm-none-eabi/4.8.2/../../../arm-none-eabi/lib/armv7-m/libc.a(lib_a-atoi.o)
 .debug_info    0x0000000000024b86      0x117 /usr/lib/gcc/arm-none-eabi/4.8.2/../../../arm-none-eabi/lib/armv7-m/libc.a(lib_a-memset.o)
 .debug_info    0x0000000000024c9d      0x15d /usr/lib/gcc/arm-none-eabi/4.8.2/../../../arm-none-eabi/lib/armv7-m/libc.a(lib_a-strcasecmp.o)
 .debug_info    0x0000000000024dfa      0x116 /usr/lib/gcc/arm-none-eabi/4.8.2/../../../arm-none-eabi/lib/armv7-m/libc.a(lib_a-strchr.o)
 .debug_info    0x0000000000024f10      0x128 /usr/lib/gcc/arm-none-eabi/4.8.2/../../../arm-none-eabi/lib/armv7-m/libc.a(lib_a-strncpy.o)
 .debug_info    0x0000000000025038       0xda /usr/lib/gcc/arm-none-eabi/4.8.2/../../../arm-none-eabi/lib/armv7-m/libc.a(lib_a-strspn.o)
 .debug_info    0x0000000000025112      0x9a7 /usr/lib/gcc/arm-none-eabi/4.8.2/../../../arm-none-eabi/lib/armv7-m/libc.a(lib_a-strtol.o)
 .debug_info    0x0000000000025ab9       0x6f /usr/lib/gcc/arm-none-eabi/4.8.2/../../../arm-none-eabi/lib/armv7-m/libc.a(lib_a-ctype_.o)
 .debug_info    0x0000000000025b28      0x894 /usr/lib/gcc/arm-none-eabi/4.8.2/../../../arm-none-eabi/lib/armv7-m/libc.a(lib_a-impure.o)

.debug_abbrev   0x0000000000000000     0x89f8
 .debug_abbrev  0x0000000000000000       0xf4 bin/obj/crt0.o
 .debug_abbrev  0x00000000000000f4       0xaf bin/obj/vectors.o
 .debug_abbrev  0x00000000000001a3       0x42 bin/obj/chcore.o
 .debug_abbrev  0x00000000000001e5      0x1e2 bin/obj/chcore_v7m.o
 .debug_abbrev  0x00000000000003c7      0x10e bin/obj/nvic.o
 .debug_abbrev  0x00000000000004d5      0x20e bin/obj/chsys.o
 .debug_abbrev  0x00000000000006e3      0x117 bin/obj/chvt.o
 .debug_abbrev  0x00000000000007fa      0x313 bin/obj/chschd.o
 .debug_abbrev  0x0000000000000b0d      0x344 bin/obj/chthreads.o
 .debug_abbrev  0x0000000000000e51      0x232 bin/obj/chdynamic.o
 .debug_abbrev  0x0000000000001083      0x176 bin/obj/chregistry.o
 .debug_abbrev  0x00000000000011f9      0x2f1 bin/obj/chmtx.o
 .debug_abbrev  0x00000000000014ea      0x2f8 bin/obj/chevents.o
 .debug_abbrev  0x00000000000017e2      0x31d bin/obj/chqueues.o
 .debug_abbrev  0x0000000000001aff      0x15b bin/obj/chmemcore.o
 .debug_abbrev  0x0000000000001c5a      0x1e7 bin/obj/chheap.o
 .debug_abbrev  0x0000000000001e41      0x1f7 bin/obj/chmempools.o
 .debug_abbrev  0x0000000000002038      0x1bf bin/obj/hal.o
 .debug_abbrev  0x00000000000021f7      0x2f7 bin/obj/adc.o
 .debug_abbrev  0x00000000000024ee      0x1a3 bin/obj/ext.o
 .debug_abbrev  0x0000000000002691      0x21f bin/obj/gpt.o
 .debug_abbrev  0x00000000000028b0      0x27b bin/obj/i2c.o
 .debug_abbrev  0x0000000000002b2b      0x2b9 bin/obj/serial.o
 .debug_abbrev  0x0000000000002de4      0x269 bin/obj/spi.o
 .debug_abbrev  0x000000000000304d      0x19a bin/obj/tm.o
 .debug_abbrev  0x00000000000031e7      0x211 bin/obj/stm32_dma.o
 .debug_abbrev  0x00000000000033f8      0x119 bin/obj/hal_lld.o
 .debug_abbrev  0x0000000000003511      0x2b5 bin/obj/adc_lld.o
 .debug_abbrev  0x00000000000037c6      0x1ea bin/obj/ext_lld_isr.o
 .debug_abbrev  0x00000000000039b0      0x1c0 bin/obj/ext_lld.o
 .debug_abbrev  0x0000000000003b70      0x12a bin/obj/pal_lld.o
 .debug_abbrev  0x0000000000003c9a      0x3e6 bin/obj/i2c_lld.o
 .debug_abbrev  0x0000000000004080      0x2f7 bin/obj/spi_lld.o
 .debug_abbrev  0x0000000000004377      0x24e bin/obj/gpt_lld.o
 .debug_abbrev  0x00000000000045c5      0x33c bin/obj/serial_lld.o
 .debug_abbrev  0x0000000000004901      0x11e bin/obj/board.o
 .debug_abbrev  0x0000000000004a1f      0x263 bin/obj/chprintf.o
 .debug_abbrev  0x0000000000004c82      0x48e bin/obj/vexshell.o
 .debug_abbrev  0x0000000000005110      0x396 bin/obj/vexcortex.o
 .debug_abbrev  0x00000000000054a6      0x24d bin/obj/vexdigital.o
 .debug_abbrev  0x00000000000056f3      0x185 bin/obj/vexconfig.o
 .debug_abbrev  0x0000000000005878      0x19b bin/obj/vexext.o
 .debug_abbrev  0x0000000000005a13      0x2d6 bin/obj/vexencoder.o
 .debug_abbrev  0x0000000000005ce9      0x322 bin/obj/vexsonar.o
 .debug_abbrev  0x000000000000600b      0x3cb bin/obj/vexmotor.o
 .debug_abbrev  0x00000000000063d6      0x398 bin/obj/vexspi.o
 .debug_abbrev  0x000000000000676e      0x3f2 bin/obj/vexlcd.o
 .debug_abbrev  0x0000000000006b60      0x250 bin/obj/vexanalog.o
 .debug_abbrev  0x0000000000006db0      0x1b3 bin/obj/vexctl.o
 .debug_abbrev  0x0000000000006f63      0x3ed bin/obj/vexime.o
 .debug_abbrev  0x0000000000007350      0x3dc bin/obj/vexprintf.o
 .debug_abbrev  0x000000000000772c      0x1d0 bin/obj/vextest.o
 .debug_abbrev  0x00000000000078fc      0x299 bin/obj/robotc_glue.o
 .debug_abbrev  0x0000000000007b95      0x2e3 bin/obj/vexuser.o
 .debug_abbrev  0x0000000000007e78      0x21b bin/obj/main.o
 .debug_abbrev  0x0000000000008093       0x14 /usr/lib/gcc/arm-none-eabi/4.8.2/armv7-m/libgcc.a(_arm_addsubdf3.o)
 .debug_abbrev  0x00000000000080a7       0x14 /usr/lib/gcc/arm-none-eabi/4.8.2/armv7-m/libgcc.a(_arm_muldivdf3.o)
 .debug_abbrev  0x00000000000080bb       0x14 /usr/lib/gcc/arm-none-eabi/4.8.2/armv7-m/libgcc.a(_arm_cmpdf2.o)
 .debug_abbrev  0x00000000000080cf       0x14 /usr/lib/gcc/arm-none-eabi/4.8.2/armv7-m/libgcc.a(_arm_fixdfsi.o)
 .debug_abbrev  0x00000000000080e3       0x14 /usr/lib/gcc/arm-none-eabi/4.8.2/armv7-m/libgcc.a(_arm_fixunsdfsi.o)
 .debug_abbrev  0x00000000000080f7       0x14 /usr/lib/gcc/arm-none-eabi/4.8.2/armv7-m/libgcc.a(_arm_addsubsf3.o)
 .debug_abbrev  0x000000000000810b       0x14 /usr/lib/gcc/arm-none-eabi/4.8.2/armv7-m/libgcc.a(_arm_muldivsf3.o)
 .debug_abbrev  0x000000000000811f       0x14 /usr/lib/gcc/arm-none-eabi/4.8.2/armv7-m/libgcc.a(_arm_cmpsf2.o)
 .debug_abbrev  0x0000000000008133       0x14 /usr/lib/gcc/arm-none-eabi/4.8.2/armv7-m/libgcc.a(_arm_fixsfsi.o)
 .debug_abbrev  0x0000000000008147       0x14 /usr/lib/gcc/arm-none-eabi/4.8.2/armv7-m/libgcc.a(_arm_fixunssfsi.o)
 .debug_abbrev  0x000000000000815b      0x1d1 /usr/lib/gcc/arm-none-eabi/4.8.2/../../../arm-none-eabi/lib/armv7-m/libc.a(lib_a-atoi.o)
 .debug_abbrev  0x000000000000832c       0x9f /usr/lib/gcc/arm-none-eabi/4.8.2/../../../arm-none-eabi/lib/armv7-m/libc.a(lib_a-memset.o)
 .debug_abbrev  0x00000000000083cb       0xa8 /usr/lib/gcc/arm-none-eabi/4.8.2/../../../arm-none-eabi/lib/armv7-m/libc.a(lib_a-strcasecmp.o)
 .debug_abbrev  0x0000000000008473       0x83 /usr/lib/gcc/arm-none-eabi/4.8.2/../../../arm-none-eabi/lib/armv7-m/libc.a(lib_a-strchr.o)
 .debug_abbrev  0x00000000000084f6       0x9f /usr/lib/gcc/arm-none-eabi/4.8.2/../../../arm-none-eabi/lib/armv7-m/libc.a(lib_a-strncpy.o)
 .debug_abbrev  0x0000000000008595       0x8e /usr/lib/gcc/arm-none-eabi/4.8.2/../../../arm-none-eabi/lib/armv7-m/libc.a(lib_a-strspn.o)
 .debug_abbrev  0x0000000000008623      0x207 /usr/lib/gcc/arm-none-eabi/4.8.2/../../../arm-none-eabi/lib/armv7-m/libc.a(lib_a-strtol.o)
 .debug_abbrev  0x000000000000882a       0x4e /usr/lib/gcc/arm-none-eabi/4.8.2/../../../arm-none-eabi/lib/armv7-m/libc.a(lib_a-ctype_.o)
 .debug_abbrev  0x0000000000008878      0x180 /usr/lib/gcc/arm-none-eabi/4.8.2/../../../arm-none-eabi/lib/armv7-m/libc.a(lib_a-impure.o)

.debug_loc      0x0000000000000000     0xb425
 .debug_loc     0x0000000000000000       0xe2 bin/obj/crt0.o
 .debug_loc     0x00000000000000e2       0x5a bin/obj/chcore_v7m.o
 .debug_loc     0x000000000000013c      0x169 bin/obj/nvic.o
 .debug_loc     0x00000000000002a5       0x31 bin/obj/chsys.o
 .debug_loc     0x00000000000002d6       0x6a bin/obj/chvt.o
 .debug_loc     0x0000000000000340      0x2bf bin/obj/chschd.o
 .debug_loc     0x00000000000005ff      0x344 bin/obj/chthreads.o
 .debug_loc     0x0000000000000943      0x1d4 bin/obj/chdynamic.o
 .debug_loc     0x0000000000000b17       0x21 bin/obj/chregistry.o
 .debug_loc     0x0000000000000b38      0x38b bin/obj/chmtx.o
 .debug_loc     0x0000000000000ec3      0x4b8 bin/obj/chevents.o
 .debug_loc     0x000000000000137b      0x6b0 bin/obj/chqueues.o
 .debug_loc     0x0000000000001a2b       0xaa bin/obj/chmemcore.o
 .debug_loc     0x0000000000001ad5      0x3ae bin/obj/chheap.o
 .debug_loc     0x0000000000001e83      0x185 bin/obj/chmempools.o
 .debug_loc     0x0000000000002008       0x58 bin/obj/hal.o
 .debug_loc     0x0000000000002060      0x39b bin/obj/adc.o
 .debug_loc     0x00000000000023fb      0x1a6 bin/obj/ext.o
 .debug_loc     0x00000000000025a1      0x2ab bin/obj/gpt.o
 .debug_loc     0x000000000000284c      0x1f7 bin/obj/i2c.o
 .debug_loc     0x0000000000002a43      0x4c8 bin/obj/serial.o
 .debug_loc     0x0000000000002f0b      0x422 bin/obj/spi.o
 .debug_loc     0x000000000000332d       0x6d bin/obj/tm.o
 .debug_loc     0x000000000000339a      0x1fd bin/obj/stm32_dma.o
 .debug_loc     0x0000000000003597      0x2cf bin/obj/adc_lld.o
 .debug_loc     0x0000000000003866       0xa2 bin/obj/ext_lld_isr.o
 .debug_loc     0x0000000000003908      0x25a bin/obj/ext_lld.o
 .debug_loc     0x0000000000003b62      0x124 bin/obj/pal_lld.o
 .debug_loc     0x0000000000003c86      0x6b7 bin/obj/i2c_lld.o
 .debug_loc     0x000000000000433d      0x254 bin/obj/spi_lld.o
 .debug_loc     0x0000000000004591      0x1b1 bin/obj/gpt_lld.o
 .debug_loc     0x0000000000004742      0x25b bin/obj/serial_lld.o
 .debug_loc     0x000000000000499d      0x746 bin/obj/chprintf.o
 .debug_loc     0x00000000000050e3      0xd5c bin/obj/vexshell.o
 .debug_loc     0x0000000000005e3f      0x469 bin/obj/vexcortex.o
 .debug_loc     0x00000000000062a8      0x1d9 bin/obj/vexdigital.o
 .debug_loc     0x0000000000006481      0x3bc bin/obj/vexconfig.o
 .debug_loc     0x000000000000683d       0x7f bin/obj/vexext.o
 .debug_loc     0x00000000000068bc      0x63f bin/obj/vexencoder.o
 .debug_loc     0x0000000000006efb      0x2a6 bin/obj/vexsonar.o
 .debug_loc     0x00000000000071a1      0x549 bin/obj/vexmotor.o
 .debug_loc     0x00000000000076ea      0x465 bin/obj/vexspi.o
 .debug_loc     0x0000000000007b4f      0x7e3 bin/obj/vexlcd.o
 .debug_loc     0x0000000000008332       0xd1 bin/obj/vexanalog.o
 .debug_loc     0x0000000000008403      0x200 bin/obj/vexctl.o
 .debug_loc     0x0000000000008603      0xb0c bin/obj/vexime.o
 .debug_loc     0x000000000000910f     0x119a bin/obj/vexprintf.o
 .debug_loc     0x000000000000a2a9       0x21 bin/obj/vextest.o
 .debug_loc     0x000000000000a2ca      0x14c bin/obj/robotc_glue.o
 .debug_loc     0x000000000000a416      0x436 bin/obj/vexuser.o
 .debug_loc     0x000000000000a84c       0x91 bin/obj/main.o
 .debug_loc     0x000000000000a8dd       0x63 /usr/lib/gcc/arm-none-eabi/4.8.2/../../../arm-none-eabi/lib/armv7-m/libc.a(lib_a-atoi.o)
 .debug_loc     0x000000000000a940      0x18b /usr/lib/gcc/arm-none-eabi/4.8.2/../../../arm-none-eabi/lib/armv7-m/libc.a(lib_a-memset.o)
 .debug_loc     0x000000000000aacb      0x191 /usr/lib/gcc/arm-none-eabi/4.8.2/../../../arm-none-eabi/lib/armv7-m/libc.a(lib_a-strcasecmp.o)
 .debug_loc     0x000000000000ac5c      0x20e /usr/lib/gcc/arm-none-eabi/4.8.2/../../../arm-none-eabi/lib/armv7-m/libc.a(lib_a-strchr.o)
 .debug_loc     0x000000000000ae6a      0x15b /usr/lib/gcc/arm-none-eabi/4.8.2/../../../arm-none-eabi/lib/armv7-m/libc.a(lib_a-strncpy.o)
 .debug_loc     0x000000000000afc5      0x105 /usr/lib/gcc/arm-none-eabi/4.8.2/../../../arm-none-eabi/lib/armv7-m/libc.a(lib_a-strspn.o)
 .debug_loc     0x000000000000b0ca      0x35b /usr/lib/gcc/arm-none-eabi/4.8.2/../../../arm-none-eabi/lib/armv7-m/libc.a(lib_a-strtol.o)

.debug_aranges  0x0000000000000000     0x1588
 .debug_aranges
                0x0000000000000000       0x38 bin/obj/crt0.o
 .debug_aranges
                0x0000000000000038       0x20 bin/obj/vectors.o
 .debug_aranges
                0x0000000000000058       0x20 bin/obj/chcore.o
 .debug_aranges
                0x0000000000000078       0x50 bin/obj/chcore_v7m.o
 .debug_aranges
                0x00000000000000c8       0x30 bin/obj/nvic.o
 .debug_aranges
                0x00000000000000f8       0x30 bin/obj/chsys.o
 .debug_aranges
                0x0000000000000128       0x30 bin/obj/chvt.o
 .debug_aranges
                0x0000000000000158       0x68 bin/obj/chschd.o
 .debug_aranges
                0x00000000000001c0       0x78 bin/obj/chthreads.o
 .debug_aranges
                0x0000000000000238       0x38 bin/obj/chdynamic.o
 .debug_aranges
                0x0000000000000270       0x28 bin/obj/chregistry.o
 .debug_aranges
                0x0000000000000298       0x58 bin/obj/chmtx.o
 .debug_aranges
                0x00000000000002f0       0xa0 bin/obj/chevents.o
 .debug_aranges
                0x0000000000000390       0x70 bin/obj/chqueues.o
 .debug_aranges
                0x0000000000000400       0x38 bin/obj/chmemcore.o
 .debug_aranges
                0x0000000000000438       0x40 bin/obj/chheap.o
 .debug_aranges
                0x0000000000000478       0x48 bin/obj/chmempools.o
 .debug_aranges
                0x00000000000004c0       0x30 bin/obj/hal.o
 .debug_aranges
                0x00000000000004f0       0x70 bin/obj/adc.o
 .debug_aranges
                0x0000000000000560       0x50 bin/obj/ext.o
 .debug_aranges
                0x00000000000005b0       0x78 bin/obj/gpt.o
 .debug_aranges
                0x0000000000000628       0x60 bin/obj/i2c.o
 .debug_aranges
                0x0000000000000688       0x88 bin/obj/serial.o
 .debug_aranges
                0x0000000000000710       0x98 bin/obj/spi.o
 .debug_aranges
                0x00000000000007a8       0x38 bin/obj/tm.o
 .debug_aranges
                0x00000000000007e0       0x88 bin/obj/stm32_dma.o
 .debug_aranges
                0x0000000000000868       0x28 bin/obj/hal_lld.o
 .debug_aranges
                0x0000000000000890       0x48 bin/obj/adc_lld.o
 .debug_aranges
                0x00000000000008d8       0x78 bin/obj/ext_lld_isr.o
 .debug_aranges
                0x0000000000000950       0x40 bin/obj/ext_lld.o
 .debug_aranges
                0x0000000000000990       0x28 bin/obj/pal_lld.o
 .debug_aranges
                0x00000000000009b8       0x70 bin/obj/i2c_lld.o
 .debug_aranges
                0x0000000000000a28       0x78 bin/obj/spi_lld.o
 .debug_aranges
                0x0000000000000aa0       0x68 bin/obj/gpt_lld.o
 .debug_aranges
                0x0000000000000b08       0x68 bin/obj/serial_lld.o
 .debug_aranges
                0x0000000000000b70       0x28 bin/obj/board.o
 .debug_aranges
                0x0000000000000b98       0x30 bin/obj/chprintf.o
 .debug_aranges
                0x0000000000000bc8       0x78 bin/obj/vexshell.o
 .debug_aranges
                0x0000000000000c40       0x90 bin/obj/vexcortex.o
 .debug_aranges
                0x0000000000000cd0       0x58 bin/obj/vexdigital.o
 .debug_aranges
                0x0000000000000d28       0x48 bin/obj/vexconfig.o
 .debug_aranges
                0x0000000000000d70       0x28 bin/obj/vexext.o
 .debug_aranges
                0x0000000000000d98       0xb0 bin/obj/vexencoder.o
 .debug_aranges
                0x0000000000000e48       0x78 bin/obj/vexsonar.o
 .debug_aranges
                0x0000000000000ec0       0xb0 bin/obj/vexmotor.o
 .debug_aranges
                0x0000000000000f70       0x88 bin/obj/vexspi.o
 .debug_aranges
                0x0000000000000ff8       0x88 bin/obj/vexlcd.o
 .debug_aranges
                0x0000000000001080       0x30 bin/obj/vexanalog.o
 .debug_aranges
                0x00000000000010b0       0x38 bin/obj/vexctl.o
 .debug_aranges
                0x00000000000010e8       0xf8 bin/obj/vexime.o
 .debug_aranges
                0x00000000000011e0       0x88 bin/obj/vexprintf.o
 .debug_aranges
                0x0000000000001268       0x30 bin/obj/vextest.o
 .debug_aranges
                0x0000000000001298       0x38 bin/obj/robotc_glue.o
 .debug_aranges
                0x00000000000012d0       0x38 bin/obj/vexuser.o
 .debug_aranges
                0x0000000000001308       0x20 bin/obj/main.o
 .debug_aranges
                0x0000000000001328       0x20 /usr/lib/gcc/arm-none-eabi/4.8.2/armv7-m/libgcc.a(_arm_addsubdf3.o)
 .debug_aranges
                0x0000000000001348       0x20 /usr/lib/gcc/arm-none-eabi/4.8.2/armv7-m/libgcc.a(_arm_muldivdf3.o)
 .debug_aranges
                0x0000000000001368       0x20 /usr/lib/gcc/arm-none-eabi/4.8.2/armv7-m/libgcc.a(_arm_cmpdf2.o)
 .debug_aranges
                0x0000000000001388       0x20 /usr/lib/gcc/arm-none-eabi/4.8.2/armv7-m/libgcc.a(_arm_fixdfsi.o)
 .debug_aranges
                0x00000000000013a8       0x20 /usr/lib/gcc/arm-none-eabi/4.8.2/armv7-m/libgcc.a(_arm_fixunsdfsi.o)
 .debug_aranges